reg__70: Memory_2_ports__GB3, 
muxpart__209: Memory_2_ports__GB1, 
logic__868: RISCV_superscalar_fpga_top__GC0, 
muxpart__73: Memory_2_ports__GB0, 
reg__127: RISCV_superscalar_fpga_top__GC0, 
RTL_MUX371: RISCV_superscalar_fpga_top__GC0, 
datapath__17: RISCV_superscalar_fpga_top__GC0, 
case__70: RISCV_superscalar_fpga_top__GC0, 
reg__75: Memory_2_ports__GB3, 
muxpart__133: Memory_2_ports__GB2, 
RTL_MUX476: RISCV_superscalar_fpga_top__GC0, 
case__9: RISCV_superscalar_fpga_top__GC0, 
muxpart__77: Memory_2_ports__GB2, 
reg__117: Memory_2_ports__GB2, 
muxpart__192: Memory_2_ports__GB3, 
reg__124: RISCV_superscalar_fpga_top__GC0, 
case__3: RISCV_superscalar_fpga_top__GC0, 
Memory_2_ports__GB2: Memory_2_ports__GB2, 
RTL_MUX281: RISCV_superscalar_fpga_top__GC0, 
reg__23: Memory_2_ports__GB2, 
muxpart__89: Memory_2_ports__GB3, 
logic__885: RISCV_superscalar_fpga_top__GC0, 
muxpart__81: Memory_2_ports__GB3, 
muxpart__328: Memory_2_ports__GB1, 
reg__36: Memory_2_ports__GB1, 
reg__102: Memory_2_ports__GB2, 
muxpart__96: Memory_2_ports__GB3, 
logic__421: RISCV_superscalar_fpga_top__GC0, 
muxpart__140: Memory_2_ports__GB0, 
muxpart__336: RISCV_superscalar_fpga_top__GC0, 
datapath__35: RISCV_superscalar_fpga_top__GC0, 
muxpart__190: Memory_2_ports__GB3, 
case__99: RISCV_superscalar_fpga_top__GC0, 
logic__417: RISCV_superscalar_fpga_top__GC0, 
reg__27: Memory_2_ports__GB0, 
logic__123: RISCV_superscalar_fpga_top__GC0, 
RTL_MUX288: RISCV_superscalar_fpga_top__GC0, 
muxpart__189: Memory_2_ports__GB3, 
muxpart__211: Memory_2_ports__GB1, 
muxpart__179: Memory_2_ports__GB1, 
RTL_REG51: RISCV_superscalar_fpga_top__GC0, 
logic__133: RISCV_superscalar_fpga_top__GC0, 
reg__68: Memory_2_ports__GB2, 
muxpart__143: Memory_2_ports__GB1, 
RTL_REG63: RISCV_superscalar_fpga_top__GC0, 
muxpart__194: Memory_2_ports__GB3, 
muxpart__239: Memory_2_ports__GB2, 
RTL_MUX307: RISCV_superscalar_fpga_top__GC0, 
case__164: RISCV_superscalar_fpga_top__GC0, 
UART_top: RISCV_superscalar_fpga_top__GC0, 
RTL_MUX369: RISCV_superscalar_fpga_top__GC0, 
muxpart__329: Memory_2_ports__GB1, 
reg__80: Memory_2_ports__GB3, 
muxpart__28: Memory_2_ports__GB0, 
muxpart__154: Memory_2_ports__GB1, 
muxpart__212: Memory_2_ports__GB1, 
muxpart__218: Memory_2_ports__GB1, 
muxpart__331: Memory_2_ports__GB1, 
muxpart__225: Memory_2_ports__GB1, 
reg__92: Memory_2_ports__GB3, 
muxpart__114: Memory_2_ports__GB2, 
logic__228: RISCV_superscalar_fpga_top__GC0, 
muxpart__18: RISCV_superscalar_fpga_top__GC0, 
logic__362: RISCV_superscalar_fpga_top__GC0, 
logic__518: Memory_2_ports__GB1, 
logic__119: RISCV_superscalar_fpga_top__GC0, 
muxpart__269: Memory_2_ports__GB0, 
RTL_MUX278: RISCV_superscalar_fpga_top__GC0, 
reg__104: Memory_2_ports__GB2, 
reg__78: Memory_2_ports__GB3, 
logic__221: RISCV_superscalar_fpga_top__GC0, 
reg__24: Memory_2_ports__GB2, 
datapath__30: RISCV_superscalar_fpga_top__GC0, 
RTL_MUX501: RISCV_superscalar_fpga_top__GC0, 
muxpart__323: Memory_2_ports__GB1, 
reg__94: Memory_2_ports__GB2, 
case__4: RISCV_superscalar_fpga_top__GC0, 
case__128: RISCV_superscalar_fpga_top__GC0, 
datapath__38: RISCV_superscalar_fpga_top__GC0, 
Memory_2_ports__GB1: Memory_2_ports__GB1, 
muxpart__161: Memory_2_ports__GB1, 
muxpart__21: RISCV_superscalar_fpga_top__GC0, 
RTL_MUX416: RISCV_superscalar_fpga_top__GC0, 
counter__1: RISCV_superscalar_fpga_top__GC0, 
muxpart__249: Memory_2_ports__GB0, 
RTL_MUX294: RISCV_superscalar_fpga_top__GC0, 
muxpart__203: Memory_2_ports__GB3, 
RTL_MUX362: RISCV_superscalar_fpga_top__GC0, 
muxpart__176: Memory_2_ports__GB1, 
muxpart__295: Memory_2_ports__GB3, 
muxpart__146: Memory_2_ports__GB1, 
muxpart__243: Memory_2_ports__GB0, 
logic__443: RISCV_superscalar_fpga_top__GC0, 
muxpart__60: Memory_2_ports__GB0, 
muxpart__284: Memory_2_ports__GB3, 
muxpart__201: Memory_2_ports__GB3, 
logic__203: RISCV_superscalar_fpga_top__GC0, 
logic__154: RISCV_superscalar_fpga_top__GC0, 
datapath__42: RISCV_superscalar_fpga_top__GC0, 
RTL_REG92: RISCV_superscalar_fpga_top__GC0, 
muxpart__90: Memory_2_ports__GB3, 
reg__120: RISCV_superscalar_fpga_top__GC0, 
case__80: RISCV_superscalar_fpga_top__GC0, 
muxpart__151: Memory_2_ports__GB1, 
reg__101: Memory_2_ports__GB2, 
datapath__2: RISCV_superscalar_fpga_top__GC0, 
muxpart__281: Memory_2_ports__GB1, 
reg__26: Memory_2_ports__GB0, 
logic__270: RISCV_superscalar_fpga_top__GC0, 
muxpart__120: Memory_2_ports__GB2, 
logic__509: RISCV_superscalar_fpga_top__GC0, 
case__76: RISCV_superscalar_fpga_top__GC0, 
logic__165: RISCV_superscalar_fpga_top__GC0, 
case__109: RISCV_superscalar_fpga_top__GC0, 
muxpart__313: Memory_2_ports__GB1, 
reg__42: Memory_2_ports__GB1, 
UART_Receiver: RISCV_superscalar_fpga_top__GC0, 
logic__186: RISCV_superscalar_fpga_top__GC0, 
case__171: RISCV_superscalar_fpga_top__GC0, 
muxpart__10: RISCV_superscalar_fpga_top__GC0, 
logic__189: RISCV_superscalar_fpga_top__GC0, 
muxpart__275: Memory_2_ports__GB0, 
logic__488: RISCV_superscalar_fpga_top__GC0, 
reg__77: Memory_2_ports__GB3, 
logic__98: RISCV_superscalar_fpga_top__GC0, 
RTL_MUX488: RISCV_superscalar_fpga_top__GC0, 
logic__172: RISCV_superscalar_fpga_top__GC0, 
muxpart__287: Memory_2_ports__GB3, 
muxpart__153: Memory_2_ports__GB1, 
datapath__4: RISCV_superscalar_fpga_top__GC0, 
muxpart__237: Memory_2_ports__GB2, 
logic__434: RISCV_superscalar_fpga_top__GC0, 
logic__147: RISCV_superscalar_fpga_top__GC0, 
RTL_REG86: RISCV_superscalar_fpga_top__GC0, 
reg__55: Memory_2_ports__GB1, 
muxpart__193: Memory_2_ports__GB3, 
muxpart__41: Memory_2_ports__GB0, 
muxpart__79: Memory_2_ports__GB2, 
muxpart__278: Memory_2_ports__GB0, 
RTL_REG84: RISCV_superscalar_fpga_top__GC0, 
muxpart__309: Memory_2_ports__GB1, 
reg__33: Memory_2_ports__GB1, 
muxpart__319: Memory_2_ports__GB1, 
logic__168: RISCV_superscalar_fpga_top__GC0, 
RTL_MUX280: RISCV_superscalar_fpga_top__GC0, 
muxpart__142: Memory_2_ports__GB1, 
reg__126: RISCV_superscalar_fpga_top__GC0, 
muxpart__97: Memory_2_ports__GB3, 
muxpart__25: RISCV_superscalar_fpga_top__GC0, 
reg__131: RISCV_superscalar_fpga_top__GC0, 
RTL_MUX461: RISCV_superscalar_fpga_top__GC0, 
muxpart__115: Memory_2_ports__GB2, 
RTL_REG43: RISCV_superscalar_fpga_top__GC0, 
RTL_MUX402: RISCV_superscalar_fpga_top__GC0, 
muxpart__256: Memory_2_ports__GB0, 
datapath__32: RISCV_superscalar_fpga_top__GC0, 
logic__905: RISCV_superscalar_fpga_top__GC0, 
logic__391: RISCV_superscalar_fpga_top__GC0, 
logic__235: RISCV_superscalar_fpga_top__GC0, 
case__118: RISCV_superscalar_fpga_top__GC0, 
muxpart__311: Memory_2_ports__GB1, 
datapath__31: RISCV_superscalar_fpga_top__GC0, 
muxpart__138: Memory_2_ports__GB2, 
case__102: RISCV_superscalar_fpga_top__GC0, 
muxpart__127: Memory_2_ports__GB2, 
RTL_MUX360: RISCV_superscalar_fpga_top__GC0, 
reg__115: Memory_2_ports__GB2, 
muxpart__102: Memory_2_ports__GB3, 
muxpart__291: Memory_2_ports__GB3, 
RTL_MUX486: RISCV_superscalar_fpga_top__GC0, 
case: RISCV_superscalar_fpga_top__GC0, 
muxpart__88: Memory_2_ports__GB3, 
RTL_REG94: RISCV_superscalar_fpga_top__GC0, 
case__112: RISCV_superscalar_fpga_top__GC0, 
muxpart__321: Memory_2_ports__GB1, 
case__40: RISCV_superscalar_fpga_top__GC0, 
RTL_MUX511: RISCV_superscalar_fpga_top__GC0, 
reg__100: Memory_2_ports__GB2, 
reg__103: Memory_2_ports__GB2, 
reg__51: Memory_2_ports__GB1, 
RTL_MUX464: RISCV_superscalar_fpga_top__GC0, 
case__106: RISCV_superscalar_fpga_top__GC0, 
muxpart: RISCV_superscalar_fpga_top__GC0, 
muxpart__147: Memory_2_ports__GB1, 
muxpart__188: Memory_2_ports__GB3, 
logic__210: RISCV_superscalar_fpga_top__GC0, 
muxpart__224: Memory_2_ports__GB1, 
RTL_REG54: RISCV_superscalar_fpga_top__GC0, 
muxpart__174: Memory_2_ports__GB1, 
muxpart__339: RISCV_superscalar_fpga_top__GC0, 
reg__137: RISCV_superscalar_fpga_top__GC0, 
RTL_REG72: RISCV_superscalar_fpga_top__GC0, 
muxpart__156: Memory_2_ports__GB1, 
muxpart__274: Memory_2_ports__GB0, 
logic__424: RISCV_superscalar_fpga_top__GC0, 
ram: RISCV_superscalar_fpga_top__GC0, 
reg__73: Memory_2_ports__GB3, 
RTL_MUX367: RISCV_superscalar_fpga_top__GC0, 
reg__46: Memory_2_ports__GB1, 
logic__137: RISCV_superscalar_fpga_top__GC0, 
muxpart__280: Memory_2_ports__GB1, 
logic__914: RISCV_superscalar_fpga_top__GC0, 
muxpart__198: Memory_2_ports__GB3, 
muxpart__235: Memory_2_ports__GB2, 
extram: RISCV_superscalar_fpga_top__GC0, 
datapath__43: RISCV_superscalar_fpga_top__GC0, 
reg__67: Memory_2_ports__GB2, 
muxpart__215: Memory_2_ports__GB1, 
RTL_REG83: RISCV_superscalar_fpga_top__GC0, 
muxpart__272: Memory_2_ports__GB0, 
logic__516: Memory_2_ports__GB1, 
reg__108: Memory_2_ports__GB2, 
muxpart__125: Memory_2_ports__GB2, 
RTL_MUX276: RISCV_superscalar_fpga_top__GC0, 
RTL_MUX489: RISCV_superscalar_fpga_top__GC0, 
logic__179: RISCV_superscalar_fpga_top__GC0, 
muxpart__306: Memory_2_ports__GB2, 
muxpart__283: Memory_2_ports__GB3, 
reg__136: RISCV_superscalar_fpga_top__GC0, 
muxpart__292: Memory_2_ports__GB3, 
reg__84: Memory_2_ports__GB3, 
logic__158: RISCV_superscalar_fpga_top__GC0, 
muxpart__123: Memory_2_ports__GB2, 
muxpart__36: Memory_2_ports__GB2, 
muxpart__236: Memory_2_ports__GB2, 
muxpart__260: Memory_2_ports__GB0, 
reg__69: Memory_2_ports__GB2, 
case__158: RISCV_superscalar_fpga_top__GC0, 
RTL_MUX289: RISCV_superscalar_fpga_top__GC0, 
muxpart__150: Memory_2_ports__GB1, 
RTL_REG49: RISCV_superscalar_fpga_top__GC0, 
muxpart__27: RISCV_superscalar_fpga_top__GC0, 
RTL_MUX465: RISCV_superscalar_fpga_top__GC0, 
muxpart__42: Memory_2_ports__GB0, 
RTL_MUX415: RISCV_superscalar_fpga_top__GC0, 
RTL_MUX361: RISCV_superscalar_fpga_top__GC0, 
RTL_REG68: RISCV_superscalar_fpga_top__GC0, 
reg__21: Memory_2_ports__GB2, 
muxpart__54: Memory_2_ports__GB0, 
reg__107: Memory_2_ports__GB2, 
muxpart__113: Memory_2_ports__GB2, 
RTL_REG81: RISCV_superscalar_fpga_top__GC0, 
muxpart__271: Memory_2_ports__GB0, 
reg__90: Memory_2_ports__GB3, 
reg__63: Memory_2_ports__GB1, 
case__119: RISCV_superscalar_fpga_top__GC0, 
muxpart__131: Memory_2_ports__GB2, 
reg__98: Memory_2_ports__GB2, 
muxpart__141: Memory_2_ports__GB0, 
reg__37: Memory_2_ports__GB1, 
reg__128: RISCV_superscalar_fpga_top__GC0, 
logic__182: RISCV_superscalar_fpga_top__GC0, 
case__19: RISCV_superscalar_fpga_top__GC0, 
muxpart__251: Memory_2_ports__GB0, 
logic__175: RISCV_superscalar_fpga_top__GC0, 
RTL_MUX396: RISCV_superscalar_fpga_top__GC0, 
case__1: RISCV_superscalar_fpga_top__GC0, 
case__165: RISCV_superscalar_fpga_top__GC0, 
case__104: RISCV_superscalar_fpga_top__GC0, 
muxpart__240: Memory_2_ports__GB0, 
case__170: RISCV_superscalar_fpga_top__GC0, 
case__151: RISCV_superscalar_fpga_top__GC0, 
muxpart__82: Memory_2_ports__GB3, 
reg__30: Memory_2_ports__GB1, 
muxpart__285: Memory_2_ports__GB3, 
RTL_MUX399: RISCV_superscalar_fpga_top__GC0, 
logic__231: RISCV_superscalar_fpga_top__GC0, 
logic__313: RISCV_superscalar_fpga_top__GC0, 
reg__138: RISCV_superscalar_fpga_top__GC0, 
reg__141: RISCV_superscalar_fpga_top__GC0, 
logic__897: RISCV_superscalar_fpga_top__GC0, 
RTL_MUX298: RISCV_superscalar_fpga_top__GC0, 
muxpart__70: Memory_2_ports__GB0, 
muxpart__29: Memory_2_ports__GB0, 
muxpart__64: Memory_2_ports__GB0, 
muxpart__84: Memory_2_ports__GB3, 
muxpart__322: Memory_2_ports__GB1, 
RTL_MUX365: RISCV_superscalar_fpga_top__GC0, 
RTL_REG69: RISCV_superscalar_fpga_top__GC0, 
muxpart__30: Memory_2_ports__GB2, 
muxpart__108: Memory_2_ports__GB2, 
datapath__48: RISCV_superscalar_fpga_top__GC0, 
logic__214: RISCV_superscalar_fpga_top__GC0, 
logic__112: RISCV_superscalar_fpga_top__GC0, 
muxpart__26: RISCV_superscalar_fpga_top__GC0, 
logic__91: RISCV_superscalar_fpga_top__GC0, 
case__133: RISCV_superscalar_fpga_top__GC0, 
logic__875: RISCV_superscalar_fpga_top__GC0, 
Memory: RISCV_superscalar_fpga_top__GC0, 
RTL_REG88: RISCV_superscalar_fpga_top__GC0, 
reg__85: Memory_2_ports__GB3, 
muxpart__288: Memory_2_ports__GB3, 
RTL_MUX258: RISCV_superscalar_fpga_top__GC0, 
reg: RISCV_superscalar_fpga_top__GC0, 
case__117: RISCV_superscalar_fpga_top__GC0, 
logic__140: RISCV_superscalar_fpga_top__GC0, 
muxpart__330: Memory_2_ports__GB1, 
RTL_MUX381: RISCV_superscalar_fpga_top__GC0, 
logic__499: RISCV_superscalar_fpga_top__GC0, 
case__123: RISCV_superscalar_fpga_top__GC0, 
logic__484: RISCV_superscalar_fpga_top__GC0, 
case__71: RISCV_superscalar_fpga_top__GC0, 
muxpart__76: Memory_2_ports__GB0, 
muxpart__338: RISCV_superscalar_fpga_top__GC0, 
reg__111: Memory_2_ports__GB2, 
case__100: RISCV_superscalar_fpga_top__GC0, 
RTL_REG46: RISCV_superscalar_fpga_top__GC0, 
muxpart__204: Memory_2_ports__GB3, 
logic__915: RISCV_superscalar_fpga_top__GC0, 
muxpart__13: RISCV_superscalar_fpga_top__GC0, 
muxpart__302: Memory_2_ports__GB3, 
muxpart__317: Memory_2_ports__GB1, 
muxpart__87: Memory_2_ports__GB3, 
RTL_REG45: RISCV_superscalar_fpga_top__GC0, 
muxpart__173: Memory_2_ports__GB1, 
muxpart__122: Memory_2_ports__GB2, 
muxpart__53: Memory_2_ports__GB0, 
muxpart__187: Memory_2_ports__GB3, 
logic__893: RISCV_superscalar_fpga_top__GC0, 
RTL_REG42: RISCV_superscalar_fpga_top__GC0, 
Forwarding_unit: RISCV_superscalar_fpga_top__GC0, 
muxpart__178: Memory_2_ports__GB0, 
reg__57: Memory_2_ports__GB1, 
case__85: RISCV_superscalar_fpga_top__GC0, 
RTL_MUX370: RISCV_superscalar_fpga_top__GC0, 
reg__53: Memory_2_ports__GB1, 
reg__89: Memory_2_ports__GB3, 
muxpart__196: Memory_2_ports__GB3, 
muxpart__109: Memory_2_ports__GB2, 
RTL_MUX363: RISCV_superscalar_fpga_top__GC0, 
muxpart__67: Memory_2_ports__GB0, 
muxpart__307: Memory_2_ports__GB2, 
RTL_MUX368: RISCV_superscalar_fpga_top__GC0, 
case__25: RISCV_superscalar_fpga_top__GC0, 
muxpart__220: Memory_2_ports__GB1, 
muxpart__238: Memory_2_ports__GB2, 
case__154: RISCV_superscalar_fpga_top__GC0, 
case__81: RISCV_superscalar_fpga_top__GC0, 
muxpart__327: Memory_2_ports__GB1, 
muxpart__93: Memory_2_ports__GB3, 
muxpart__83: Memory_2_ports__GB3, 
case__126: RISCV_superscalar_fpga_top__GC0, 
logic__193: RISCV_superscalar_fpga_top__GC0, 
HazardDetection_unit: RISCV_superscalar_fpga_top__GC0, 
muxpart__276: Memory_2_ports__GB0, 
logic__430: RISCV_superscalar_fpga_top__GC0, 
logic__512: Memory_2_ports__GB3, 
RTL_REG52: RISCV_superscalar_fpga_top__GC0, 
muxpart__57: Memory_2_ports__GB0, 
RTL_MUX357: RISCV_superscalar_fpga_top__GC0, 
RTL_REG78: RISCV_superscalar_fpga_top__GC0, 
muxpart__227: Memory_2_ports__GB1, 
logic__161: RISCV_superscalar_fpga_top__GC0, 
case__5: RISCV_superscalar_fpga_top__GC0, 
reg__49: Memory_2_ports__GB1, 
muxpart__267: Memory_2_ports__GB0, 
muxpart__168: Memory_2_ports__GB1, 
case__153: RISCV_superscalar_fpga_top__GC0, 
RTL_MUX373: RISCV_superscalar_fpga_top__GC0, 
reg__71: Memory_2_ports__GB3, 
logic__217: RISCV_superscalar_fpga_top__GC0, 
RTL_REG87: RISCV_superscalar_fpga_top__GC0, 
case__33: RISCV_superscalar_fpga_top__GC0, 
reg__112: Memory_2_ports__GB2, 
RTL_MUX282: RISCV_superscalar_fpga_top__GC0, 
case__74: RISCV_superscalar_fpga_top__GC0, 
muxpart__320: Memory_2_ports__GB1, 
muxpart__310: Memory_2_ports__GB1, 
datapath__57: RISCV_superscalar_fpga_top__GC0, 
logic__144: RISCV_superscalar_fpga_top__GC0, 
case__22: RISCV_superscalar_fpga_top__GC0, 
RTL_MUX462: RISCV_superscalar_fpga_top__GC0, 
muxpart__270: Memory_2_ports__GB0, 
muxpart__39: Memory_2_ports__GB0, 
muxpart__59: Memory_2_ports__GB0, 
muxpart__175: Memory_2_ports__GB1, 
reg__25: Memory_2_ports__GB2, 
case__166: RISCV_superscalar_fpga_top__GC0, 
muxpart__226: Memory_2_ports__GB1, 
muxpart__213: Memory_2_ports__GB1, 
case__78: RISCV_superscalar_fpga_top__GC0, 
case__54: RISCV_superscalar_fpga_top__GC0, 
case__72: RISCV_superscalar_fpga_top__GC0, 
logic__320: RISCV_superscalar_fpga_top__GC0, 
muxpart__290: Memory_2_ports__GB3, 
RTL_MUX473: RISCV_superscalar_fpga_top__GC0, 
logic__238: RISCV_superscalar_fpga_top__GC0, 
muxpart__228: Memory_2_ports__GB1, 
RTL_MUX391: RISCV_superscalar_fpga_top__GC0, 
RTL_REG41: RISCV_superscalar_fpga_top__GC0, 
logic__896: RISCV_superscalar_fpga_top__GC0, 
muxpart__43: Memory_2_ports__GB0, 
RTL_MUX512: RISCV_superscalar_fpga_top__GC0, 
reg__34: Memory_2_ports__GB1, 
RTL_MUX401: RISCV_superscalar_fpga_top__GC0, 
logic__95: RISCV_superscalar_fpga_top__GC0, 
muxpart__326: Memory_2_ports__GB1, 
muxpart__184: Memory_2_ports__GB3, 
muxpart__106: Memory_2_ports__GB2, 
reg__74: Memory_2_ports__GB3, 
muxpart__250: Memory_2_ports__GB0, 
logic__911: RISCV_superscalar_fpga_top__GC0, 
RTL_REG55: RISCV_superscalar_fpga_top__GC0, 
logic__975: RISCV_superscalar_fpga_top__GC0, 
logic__433: RISCV_superscalar_fpga_top__GC0, 
logic__888: RISCV_superscalar_fpga_top__GC0, 
reg__129: RISCV_superscalar_fpga_top__GC0, 
RTL_MUX364: RISCV_superscalar_fpga_top__GC0, 
RTL_REG71: RISCV_superscalar_fpga_top__GC0, 
case__116: RISCV_superscalar_fpga_top__GC0, 
muxpart__232: Memory_2_ports__GB0, 
reg__35: Memory_2_ports__GB1, 
RTL_MUX366: RISCV_superscalar_fpga_top__GC0, 
muxpart__255: Memory_2_ports__GB0, 
logic__23: RISCV_superscalar_fpga_top__GC0, 
RTL_MUX499: RISCV_superscalar_fpga_top__GC0, 
reg__110: Memory_2_ports__GB2, 
logic__344: RISCV_superscalar_fpga_top__GC0, 
muxpart__294: Memory_2_ports__GB3, 
logic__519: Memory_2_ports__GB1, 
reg__28: Memory_2_ports__GB0, 
reg__38: Memory_2_ports__GB1, 
RTL_MUX507: RISCV_superscalar_fpga_top__GC0, 
muxpart__126: Memory_2_ports__GB2, 
muxpart__35: Memory_2_ports__GB2, 
datapath__49: Memory_2_ports__GB3, 
reg__54: Memory_2_ports__GB1, 
muxpart__241: Memory_2_ports__GB0, 
case__12: RISCV_superscalar_fpga_top__GC0, 
muxpart__308: Memory_2_ports__GB1, 
muxpart__214: Memory_2_ports__GB1, 
muxpart__234: Memory_2_ports__GB2, 
muxpart__352: RISCV_superscalar_fpga_top__GC0, 
muxpart__303: Memory_2_ports__GB3, 
case__42: RISCV_superscalar_fpga_top__GC0, 
logic__298: RISCV_superscalar_fpga_top__GC0, 
muxpart__318: Memory_2_ports__GB1, 
logic__827: RISCV_superscalar_fpga_top__GC0, 
muxpart__136: Memory_2_ports__GB2, 
case__41: RISCV_superscalar_fpga_top__GC0, 
logic__200: RISCV_superscalar_fpga_top__GC0, 
RTL_MUX472: RISCV_superscalar_fpga_top__GC0, 
muxpart__296: Memory_2_ports__GB3, 
RTL_MUX297: RISCV_superscalar_fpga_top__GC0, 
Memory_2_ports__GB0: Memory_2_ports__GB0, 
RTL_REG70: RISCV_superscalar_fpga_top__GC0, 
ImmediateDataExtractor: RISCV_superscalar_fpga_top__GC0, 
RTL_MUX374: RISCV_superscalar_fpga_top__GC0, 
logic__354: RISCV_superscalar_fpga_top__GC0, 
muxpart__66: Memory_2_ports__GB0, 
muxpart__75: Memory_2_ports__GB0, 
RTL_MUX498: RISCV_superscalar_fpga_top__GC0, 
muxpart__63: Memory_2_ports__GB0, 
RTL_MUX375: RISCV_superscalar_fpga_top__GC0, 
case__83: Memory_2_ports__GB2, 
reg__83: Memory_2_ports__GB3, 
logic__490: RISCV_superscalar_fpga_top__GC0, 
RTL_MUX490: RISCV_superscalar_fpga_top__GC0, 
logic__291: RISCV_superscalar_fpga_top__GC0, 
muxpart__71: Memory_2_ports__GB0, 
muxpart__315: Memory_2_ports__GB1, 
reg__130: RISCV_superscalar_fpga_top__GC0, 
muxpart__183: Memory_2_ports__GB3, 
RTL_REG40: RISCV_superscalar_fpga_top__GC0, 
reg__79: Memory_2_ports__GB3, 
case__68: RISCV_superscalar_fpga_top__GC0, 
muxpart__162: Memory_2_ports__GB1, 
logic__477: RISCV_superscalar_fpga_top__GC0, 
datapath__34: RISCV_superscalar_fpga_top__GC0, 
muxpart__233: Memory_2_ports__GB2, 
datapath__47: RISCV_superscalar_fpga_top__GC0, 
muxpart__132: Memory_2_ports__GB2, 
muxpart__94: Memory_2_ports__GB3, 
muxpart__69: Memory_2_ports__GB0, 
case__167: RISCV_superscalar_fpga_top__GC0, 
case__7: RISCV_superscalar_fpga_top__GC0, 
reg__139: RISCV_superscalar_fpga_top__GC0, 
datapath__28: RISCV_superscalar_fpga_top__GC0, 
muxpart__32: Memory_2_ports__GB2, 
logic__389: RISCV_superscalar_fpga_top__GC0, 
reg__76: Memory_2_ports__GB3, 
muxpart__100: Memory_2_ports__GB3, 
RTL_MUX492: RISCV_superscalar_fpga_top__GC0, 
logic__151: RISCV_superscalar_fpga_top__GC0, 
case__127: RISCV_superscalar_fpga_top__GC0, 
reg__121: RISCV_superscalar_fpga_top__GC0, 
case__77: RISCV_superscalar_fpga_top__GC0, 
reg__96: Memory_2_ports__GB2, 
logic__494: RISCV_superscalar_fpga_top__GC0, 
logic__369: RISCV_superscalar_fpga_top__GC0, 
reg__50: Memory_2_ports__GB1, 
muxpart__107: Memory_2_ports__GB2, 
logic__976: RISCV_superscalar_fpga_top__GC0, 
Double_issue_dep: RISCV_superscalar_fpga_top__GC0, 
muxpart__170: Memory_2_ports__GB1, 
logic__903: RISCV_superscalar_fpga_top__GC0, 
case__161: RISCV_superscalar_fpga_top__GC0, 
muxpart__334: RISCV_superscalar_fpga_top__GC0, 
logic__904: RISCV_superscalar_fpga_top__GC0, 
logic__487: RISCV_superscalar_fpga_top__GC0, 
CSR_module: RISCV_superscalar_fpga_top__GC0, 
RTL_REG48: RISCV_superscalar_fpga_top__GC0, 
logic__390: RISCV_superscalar_fpga_top__GC0, 
logic__256: RISCV_superscalar_fpga_top__GC0, 
muxpart__33: Memory_2_ports__GB2, 
case__115: RISCV_superscalar_fpga_top__GC0, 
case__46: RISCV_superscalar_fpga_top__GC0, 
case__152: RISCV_superscalar_fpga_top__GC0, 
case__130: RISCV_superscalar_fpga_top__GC0, 
logic__392: RISCV_superscalar_fpga_top__GC0, 
muxpart__264: Memory_2_ports__GB0, 
logic__338: RISCV_superscalar_fpga_top__GC0, 
muxpart__58: Memory_2_ports__GB0, 
logic__366: RISCV_superscalar_fpga_top__GC0, 
muxpart__245: Memory_2_ports__GB0, 
RTL_REG77: RISCV_superscalar_fpga_top__GC0, 
muxpart__258: Memory_2_ports__GB0, 
logic__249: RISCV_superscalar_fpga_top__GC0, 
reg__16: RISCV_superscalar_fpga_top__GC0, 
muxpart__207: Memory_2_ports__GB1, 
reg__91: Memory_2_ports__GB3, 
logic__459: RISCV_superscalar_fpga_top__GC0, 
muxpart__40: Memory_2_ports__GB0, 
RTL_MUX301: RISCV_superscalar_fpga_top__GC0, 
reg__97: Memory_2_ports__GB2, 
reg__5: RISCV_superscalar_fpga_top__GC0, 
muxpart__112: Memory_2_ports__GB2, 
logic__109: RISCV_superscalar_fpga_top__GC0, 
case__38: RISCV_superscalar_fpga_top__GC0, 
reg__65: Memory_2_ports__GB2, 
case__159: RISCV_superscalar_fpga_top__GC0, 
muxpart__333: RISCV_superscalar_fpga_top__GC0, 
muxpart__301: Memory_2_ports__GB3, 
muxpart__1: RISCV_superscalar_fpga_top__GC0, 
muxpart__169: Memory_2_ports__GB1, 
muxpart__259: Memory_2_ports__GB0, 
logic__24: RISCV_superscalar_fpga_top__GC0, 
reg__86: Memory_2_ports__GB3, 
counter: RISCV_superscalar_fpga_top__GC0, 
RTL_MUX387: RISCV_superscalar_fpga_top__GC0, 
reg__93: Memory_2_ports__GB3, 
reg__113: Memory_2_ports__GB2, 
datapath__45: RISCV_superscalar_fpga_top__GC0, 
RTL_MUX515: RISCV_superscalar_fpga_top__GC0, 
muxpart__216: Memory_2_ports__GB1, 
muxpart__289: Memory_2_ports__GB3, 
muxpart__103: Memory_2_ports__GB3, 
muxpart__312: Memory_2_ports__GB1, 
muxpart__78: Memory_2_ports__GB2, 
reg__39: Memory_2_ports__GB1, 
muxpart__55: Memory_2_ports__GB0, 
muxpart__46: Memory_2_ports__GB0, 
muxpart__157: Memory_2_ports__GB1, 
logic__981: RISCV_superscalar_fpga_top__GC0, 
muxpart__195: Memory_2_ports__GB3, 
muxpart__261: Memory_2_ports__GB0, 
muxpart__80: Memory_2_ports__GB2, 
muxpart__202: Memory_2_ports__GB3, 
muxpart__305: Memory_2_ports__GB3, 
muxpart__159: Memory_2_ports__GB1, 
muxpart__341: RISCV_superscalar_fpga_top__GC0, 
muxpart__6: RISCV_superscalar_fpga_top__GC0, 
RTL_MUX494: RISCV_superscalar_fpga_top__GC0, 
logic__84: RISCV_superscalar_fpga_top__GC0, 
case__103: RISCV_superscalar_fpga_top__GC0, 
reg__105: Memory_2_ports__GB2, 
reg__60: Memory_2_ports__GB1, 
muxpart__304: Memory_2_ports__GB3, 
logic__207: RISCV_superscalar_fpga_top__GC0, 
RTL_MUX287: RISCV_superscalar_fpga_top__GC0, 
muxpart__164: Memory_2_ports__GB1, 
RTL_MUX290: RISCV_superscalar_fpga_top__GC0, 
RTL_MUX403: RISCV_superscalar_fpga_top__GC0, 
logic__502: RISCV_superscalar_fpga_top__GC0, 
reg__106: Memory_2_ports__GB2, 
case__84: Memory_2_ports__GB0, 
muxpart__172: Memory_2_ports__GB1, 
reg__45: Memory_2_ports__GB1, 
RTL_MUX482: RISCV_superscalar_fpga_top__GC0, 
reg__66: Memory_2_ports__GB2, 
muxpart__130: Memory_2_ports__GB2, 
logic__912: RISCV_superscalar_fpga_top__GC0, 
RTL_MUX243: RISCV_superscalar_fpga_top__GC0, 
muxpart__144: Memory_2_ports__GB1, 
muxpart__335: RISCV_superscalar_fpga_top__GC0, 
RTL_MUX299: RISCV_superscalar_fpga_top__GC0, 
RegisterNbits__parameterized3: RISCV_superscalar_fpga_top__GC0, 
muxpart__137: Memory_2_ports__GB2, 
muxpart__191: Memory_2_ports__GB3, 
muxpart__222: Memory_2_ports__GB1, 
datapath__40: RISCV_superscalar_fpga_top__GC0, 
reg__59: Memory_2_ports__GB1, 
reg__114: Memory_2_ports__GB2, 
case__82: Memory_2_ports__GB1, 
case__45: RISCV_superscalar_fpga_top__GC0, 
muxpart__265: Memory_2_ports__GB0, 
muxpart__124: Memory_2_ports__GB2, 
logic__317: RISCV_superscalar_fpga_top__GC0, 
RTL_REG99: RISCV_superscalar_fpga_top__GC0, 
reg__41: Memory_2_ports__GB1, 
datapath__39: RISCV_superscalar_fpga_top__GC0, 
RTL_MUX506: RISCV_superscalar_fpga_top__GC0, 
muxpart__186: Memory_2_ports__GB3, 
RTL_REG53: RISCV_superscalar_fpga_top__GC0, 
muxpart__324: Memory_2_ports__GB1, 
RegisterNbits__parameterized0: RISCV_superscalar_fpga_top__GC0, 
muxpart__44: Memory_2_ports__GB0, 
case__35: RISCV_superscalar_fpga_top__GC0, 
RTL_MUX286: RISCV_superscalar_fpga_top__GC0, 
muxpart__48: Memory_2_ports__GB0, 
muxpart__282: Memory_2_ports__GB1, 
reg__88: Memory_2_ports__GB3, 
reg__18: Memory_2_ports__GB2, 
muxpart__199: Memory_2_ports__GB3, 
logic__865: RISCV_superscalar_fpga_top__GC0, 
datapath__56: RISCV_superscalar_fpga_top__GC0, 
reg__95: Memory_2_ports__GB2, 
reg__62: Memory_2_ports__GB1, 
reg__119: RISCV_superscalar_fpga_top__GC0, 
logic__493: RISCV_superscalar_fpga_top__GC0, 
extladd: RISCV_superscalar_fpga_top__GC0, 
muxpart__101: Memory_2_ports__GB3, 
reg__125: RISCV_superscalar_fpga_top__GC0, 
muxpart__266: Memory_2_ports__GB0, 
RTL_MUX383: RISCV_superscalar_fpga_top__GC0, 
muxpart__47: Memory_2_ports__GB0, 
case__173: RISCV_superscalar_fpga_top__GC0, 
logic__350: RISCV_superscalar_fpga_top__GC0, 
reg__1: RISCV_superscalar_fpga_top__GC0, 
muxpart__24: RISCV_superscalar_fpga_top__GC0, 
case__62: RISCV_superscalar_fpga_top__GC0, 
logic__88: RISCV_superscalar_fpga_top__GC0, 
muxpart__325: Memory_2_ports__GB1, 
reg__82: Memory_2_ports__GB3, 
RTL_REG58: RISCV_superscalar_fpga_top__GC0, 
RTL_MUX358: RISCV_superscalar_fpga_top__GC0, 
datapath__3: RISCV_superscalar_fpga_top__GC0, 
logic__432: RISCV_superscalar_fpga_top__GC0, 
muxpart__110: Memory_2_ports__GB2, 
muxpart__181: Memory_2_ports__GB1, 
logic__301: RISCV_superscalar_fpga_top__GC0, 
logic__21: RISCV_superscalar_fpga_top__GC0, 
muxpart__219: Memory_2_ports__GB1, 
case__30: RISCV_superscalar_fpga_top__GC0, 
muxpart__61: Memory_2_ports__GB0, 
muxpart__65: Memory_2_ports__GB0, 
RTL_MUX238: RISCV_superscalar_fpga_top__GC0, 
muxpart__253: Memory_2_ports__GB0, 
logic__503: RISCV_superscalar_fpga_top__GC0, 
muxpart__134: Memory_2_ports__GB2, 
muxpart__128: Memory_2_ports__GB2, 
RTL_MUX483: RISCV_superscalar_fpga_top__GC0, 
muxpart__180: Memory_2_ports__GB1, 
RegisterNbits: RISCV_superscalar_fpga_top__GC0, 
logic__409: RISCV_superscalar_fpga_top__GC0, 
case__43: RISCV_superscalar_fpga_top__GC0, 
reg__44: Memory_2_ports__GB1, 
case__56: RISCV_superscalar_fpga_top__GC0, 
logic__105: RISCV_superscalar_fpga_top__GC0, 
reg__140: RISCV_superscalar_fpga_top__GC0, 
muxpart__111: Memory_2_ports__GB2, 
muxpart__163: Memory_2_ports__GB1, 
muxpart__99: Memory_2_ports__GB3, 
muxpart__246: Memory_2_ports__GB0, 
muxpart__98: Memory_2_ports__GB3, 
datapath__51: RISCV_superscalar_fpga_top__GC0, 
muxpart__91: Memory_2_ports__GB3, 
logic__440: RISCV_superscalar_fpga_top__GC0, 
counter__2: RISCV_superscalar_fpga_top__GC0, 
muxpart__160: Memory_2_ports__GB1, 
muxpart__34: Memory_2_ports__GB2, 
logic__974: RISCV_superscalar_fpga_top__GC0, 
muxpart__22: RISCV_superscalar_fpga_top__GC0, 
RegisterNbits__parameterized1: RISCV_superscalar_fpga_top__GC0, 
logic__517: Memory_2_ports__GB3, 
case__157: RISCV_superscalar_fpga_top__GC0, 
logic__196: RISCV_superscalar_fpga_top__GC0, 
muxpart__23: RISCV_superscalar_fpga_top__GC0, 
RTL_MUX457: RISCV_superscalar_fpga_top__GC0, 
RTL_MUX292: RISCV_superscalar_fpga_top__GC0, 
RTL_REG47: RISCV_superscalar_fpga_top__GC0, 
reg__19: Memory_2_ports__GB2, 
muxpart__210: Memory_2_ports__GB1, 
muxpart__135: Memory_2_ports__GB2, 
reg__118: Memory_2_ports__GB2, 
muxpart__119: Memory_2_ports__GB2, 
datapath__46: RISCV_superscalar_fpga_top__GC0, 
muxpart__165: Memory_2_ports__GB1, 
RTL_REG75: RISCV_superscalar_fpga_top__GC0, 
case__88: RISCV_superscalar_fpga_top__GC0, 
muxpart__92: Memory_2_ports__GB3, 
datapath__50: Memory_2_ports__GB3, 
muxpart__116: Memory_2_ports__GB2, 
reg__20: Memory_2_ports__GB2, 
muxpart__286: Memory_2_ports__GB3, 
reg__109: Memory_2_ports__GB2, 
reg__22: Memory_2_ports__GB2, 
datapath__14: RISCV_superscalar_fpga_top__GC0, 
reg__135: RISCV_superscalar_fpga_top__GC0, 
logic__483: RISCV_superscalar_fpga_top__GC0, 
reg__52: Memory_2_ports__GB1, 
case__57: RISCV_superscalar_fpga_top__GC0, 
logic__102: RISCV_superscalar_fpga_top__GC0, 
logic__881: RISCV_superscalar_fpga_top__GC0, 
case__75: RISCV_superscalar_fpga_top__GC0, 
muxpart__205: Memory_2_ports__GB2, 
muxpart__314: Memory_2_ports__GB1, 
muxpart__37: Memory_2_ports__GB2, 
muxpart__316: Memory_2_ports__GB1, 
muxpart__149: Memory_2_ports__GB1, 
logic__977: RISCV_superscalar_fpga_top__GC0, 
RTL_MUX458: RISCV_superscalar_fpga_top__GC0, 
RTL_MUX291: RISCV_superscalar_fpga_top__GC0, 
case__105: RISCV_superscalar_fpga_top__GC0, 
logic__496: RISCV_superscalar_fpga_top__GC0, 
muxpart__16: RISCV_superscalar_fpga_top__GC0, 
muxpart__95: Memory_2_ports__GB3, 
muxpart__342: RISCV_superscalar_fpga_top__GC0, 
case__51: RISCV_superscalar_fpga_top__GC0, 
logic__984: RISCV_superscalar_fpga_top__GC0, 
case__8: RISCV_superscalar_fpga_top__GC0, 
RTL_MUX481: RISCV_superscalar_fpga_top__GC0, 
muxpart__148: Memory_2_ports__GB1, 
muxpart__50: Memory_2_ports__GB0, 
reg__64: Memory_2_ports__GB1, 
reg__72: Memory_2_ports__GB3, 
RISCV_superscalar_fpga_top__GC0: RISCV_superscalar_fpga_top__GC0, 
case__160: RISCV_superscalar_fpga_top__GC0, 
muxpart__171: Memory_2_ports__GB1, 
muxpart__279: Memory_2_ports__GB0, 
logic__314: RISCV_superscalar_fpga_top__GC0, 
RTL_MUX389: RISCV_superscalar_fpga_top__GC0, 
datapath__18: RISCV_superscalar_fpga_top__GC0, 
reg__43: Memory_2_ports__GB1, 
RTL_MUX500: RISCV_superscalar_fpga_top__GC0, 
muxpart__206: Memory_2_ports__GB2, 
datapath__55: RISCV_superscalar_fpga_top__GC0, 
case__121: RISCV_superscalar_fpga_top__GC0, 
reg__87: Memory_2_ports__GB3, 
muxpart__20: RISCV_superscalar_fpga_top__GC0, 
reg__32: Memory_2_ports__GB1, 
reg__56: Memory_2_ports__GB1, 
datapath__52: RISCV_superscalar_fpga_top__GC0, 
muxpart__167: Memory_2_ports__GB1, 
RTL_MUX407: RISCV_superscalar_fpga_top__GC0, 
case__162: RISCV_superscalar_fpga_top__GC0, 
muxpart__85: Memory_2_ports__GB3, 
muxpart__273: Memory_2_ports__GB0, 
muxpart__56: Memory_2_ports__GB0, 
muxpart__19: RISCV_superscalar_fpga_top__GC0, 
logic__495: RISCV_superscalar_fpga_top__GC0, 
muxpart__297: Memory_2_ports__GB3, 
reg__61: Memory_2_ports__GB1, 
muxpart__244: Memory_2_ports__GB0, 
logic__294: RISCV_superscalar_fpga_top__GC0, 
case__73: RISCV_superscalar_fpga_top__GC0, 
muxpart__152: Memory_2_ports__GB1, 
logic__82: RISCV_superscalar_fpga_top__GC0, 
logic__913: RISCV_superscalar_fpga_top__GC0, 
datapath__41: RISCV_superscalar_fpga_top__GC0, 
logic__83: RISCV_superscalar_fpga_top__GC0, 
case__111: RISCV_superscalar_fpga_top__GC0, 
RTL_MUX372: RISCV_superscalar_fpga_top__GC0, 
muxpart__185: Memory_2_ports__GB3, 
reg__116: Memory_2_ports__GB2, 
muxpart__155: Memory_2_ports__GB1, 
muxpart__217: Memory_2_ports__GB1, 
datapath__25: RISCV_superscalar_fpga_top__GC0, 
muxpart__197: Memory_2_ports__GB3, 
muxpart__247: Memory_2_ports__GB0, 
muxpart__298: Memory_2_ports__GB3, 
muxpart__182: Memory_2_ports__GB3, 
muxpart__248: Memory_2_ports__GB0, 
muxpart__337: RISCV_superscalar_fpga_top__GC0, 
UART_Transmitter: RISCV_superscalar_fpga_top__GC0, 
datapath__16: RISCV_superscalar_fpga_top__GC0, 
logic__323: RISCV_superscalar_fpga_top__GC0, 
muxpart__208: Memory_2_ports__GB1, 
muxpart__166: Memory_2_ports__GB1, 
muxpart__223: Memory_2_ports__GB1, 
muxpart__221: Memory_2_ports__GB1, 
muxpart__262: Memory_2_ports__GB0, 
logic__833: RISCV_superscalar_fpga_top__GC0, 
muxpart__299: Memory_2_ports__GB3, 
RTL_MUX502: RISCV_superscalar_fpga_top__GC0, 
reg__29: Memory_2_ports__GB0, 
case__132: RISCV_superscalar_fpga_top__GC0, 
reg__58: Memory_2_ports__GB1, 
logic__245: RISCV_superscalar_fpga_top__GC0, 
muxpart__254: Memory_2_ports__GB0, 
case__113: RISCV_superscalar_fpga_top__GC0, 
muxpart__277: Memory_2_ports__GB0, 
muxpart__86: Memory_2_ports__GB3, 
muxpart__257: Memory_2_ports__GB0, 
case__69: RISCV_superscalar_fpga_top__GC0, 
muxpart__51: Memory_2_ports__GB0, 
case__114: RISCV_superscalar_fpga_top__GC0, 
logic__470: RISCV_superscalar_fpga_top__GC0, 
RTL_MUX248: RISCV_superscalar_fpga_top__GC0, 
case__101: RISCV_superscalar_fpga_top__GC0, 
case__79: RISCV_superscalar_fpga_top__GC0, 
muxpart__263: Memory_2_ports__GB0, 
reg__99: Memory_2_ports__GB2, 
case__172: RISCV_superscalar_fpga_top__GC0, 
muxpart__74: Memory_2_ports__GB0, 
muxpart__340: RISCV_superscalar_fpga_top__GC0, 
muxpart__5: RISCV_superscalar_fpga_top__GC0, 
RTL_MUX304: RISCV_superscalar_fpga_top__GC0, 
RTL_MUX376: RISCV_superscalar_fpga_top__GC0, 
RTL_REG82: RISCV_superscalar_fpga_top__GC0, 
reg__2: RISCV_superscalar_fpga_top__GC0, 
logic__116: RISCV_superscalar_fpga_top__GC0, 
muxpart__230: Memory_2_ports__GB1, 
muxpart__268: Memory_2_ports__GB0, 
muxpart__17: RISCV_superscalar_fpga_top__GC0, 
datapath__19: RISCV_superscalar_fpga_top__GC0, 
muxpart__62: Memory_2_ports__GB0, 
case__65: RISCV_superscalar_fpga_top__GC0, 
reg__40: Memory_2_ports__GB1, 
RTL_MUX283: RISCV_superscalar_fpga_top__GC0, 
RTL_MUX513: RISCV_superscalar_fpga_top__GC0, 
muxpart__117: Memory_2_ports__GB2, 
muxpart__300: Memory_2_ports__GB3, 
RTL_MUX505: RISCV_superscalar_fpga_top__GC0, 
muxpart__129: Memory_2_ports__GB2, 
case__14: RISCV_superscalar_fpga_top__GC0, 
RTL_MUX284: RISCV_superscalar_fpga_top__GC0, 
muxpart__145: Memory_2_ports__GB1, 
case__2: RISCV_superscalar_fpga_top__GC0, 
RTL_MUX409: RISCV_superscalar_fpga_top__GC0, 
RTL_MUX470: RISCV_superscalar_fpga_top__GC0, 
logic__431: RISCV_superscalar_fpga_top__GC0, 
muxpart__49: Memory_2_ports__GB0, 
case__163: RISCV_superscalar_fpga_top__GC0, 
datapath__53: RISCV_superscalar_fpga_top__GC0, 
logic__126: RISCV_superscalar_fpga_top__GC0, 
muxpart__139: Memory_2_ports__GB0, 
case__129: RISCV_superscalar_fpga_top__GC0, 
DataPath: RISCV_superscalar_fpga_top__GC0, 
RTL_MUX302: RISCV_superscalar_fpga_top__GC0, 
case__122: RISCV_superscalar_fpga_top__GC0, 
case__125: RISCV_superscalar_fpga_top__GC0, 
muxpart__231: Memory_2_ports__GB2, 
datapath__29: RISCV_superscalar_fpga_top__GC0, 
case__110: RISCV_superscalar_fpga_top__GC0, 
RTL_MUX504: RISCV_superscalar_fpga_top__GC0, 
reg__48: Memory_2_ports__GB1, 
muxpart__38: Memory_2_ports__GB0, 
muxpart__293: Memory_2_ports__GB3, 
logic__506: RISCV_superscalar_fpga_top__GC0, 
logic__383: RISCV_superscalar_fpga_top__GC0, 
muxpart__229: Memory_2_ports__GB1, 
case__169: RISCV_superscalar_fpga_top__GC0, 
datapath__54: RISCV_superscalar_fpga_top__GC0, 
muxpart__104: Memory_2_ports__GB3, 
muxpart__121: Memory_2_ports__GB2, 
muxpart__72: Memory_2_ports__GB0, 
case__107: RISCV_superscalar_fpga_top__GC0, 
datapath__44: RISCV_superscalar_fpga_top__GC0, 
RTL_MUX408: RISCV_superscalar_fpga_top__GC0, 
reg__31: Memory_2_ports__GB1, 
reg__81: Memory_2_ports__GB3, 
RTL_REG66: RISCV_superscalar_fpga_top__GC0, 
logic__489: RISCV_superscalar_fpga_top__GC0, 
logic__513: Memory_2_ports__GB1, 
datapath__36: RISCV_superscalar_fpga_top__GC0, 
reg__132: RISCV_superscalar_fpga_top__GC0, 
RTL_MUX475: RISCV_superscalar_fpga_top__GC0, 
RTL_MUX300: RISCV_superscalar_fpga_top__GC0, 
muxpart__158: Memory_2_ports__GB1, 
muxpart__252: Memory_2_ports__GB0, 
RTL_MUX305: RISCV_superscalar_fpga_top__GC0, 
reg__47: Memory_2_ports__GB1, 
muxpart__105: Memory_2_ports__GB3, 
muxpart__332: Memory_2_ports__GB0, 
logic__978: RISCV_superscalar_fpga_top__GC0, 
muxpart__52: Memory_2_ports__GB0, 
muxpart__31: Memory_2_ports__GB2, 
muxpart__118: Memory_2_ports__GB2, 
case__108: RISCV_superscalar_fpga_top__GC0, 
datapath__37: RISCV_superscalar_fpga_top__GC0, 
logic__384: RISCV_superscalar_fpga_top__GC0, 
muxpart__4: RISCV_superscalar_fpga_top__GC0, 
muxpart__177: Memory_2_ports__GB1, 
RTL_MUX398: RISCV_superscalar_fpga_top__GC0, 
muxpart__242: Memory_2_ports__GB0, 
logic__900: RISCV_superscalar_fpga_top__GC0, 
logic__437: RISCV_superscalar_fpga_top__GC0, 
case__120: RISCV_superscalar_fpga_top__GC0, 
muxpart__45: Memory_2_ports__GB0, 
logic__224: RISCV_superscalar_fpga_top__GC0, 
Memory_2_ports__GB3: Memory_2_ports__GB3, 
muxpart__200: Memory_2_ports__GB3, 
RTL_MUX471: RISCV_superscalar_fpga_top__GC0, 
muxpart__68: Memory_2_ports__GB0, 
