reg__70: reg__70
muxpart__209: muxpart__209
logic__868: logic__868
muxpart__73: muxpart__73
reg__127: reg__127
datapath__21: RTL_MUX483
datapath__17: datapath__17
case__70: case__70
reg__75: reg__75
muxpart__133: muxpart__133
case__9: case__9
muxpart__77: muxpart__77
RegisterNbits__parameterized2__3: RTL_MUX473
reg__117: reg__117
muxpart__192: muxpart__192
reg__124: reg__124
case__3: case__3
Memory_2_ports__GB2: Memory_2_ports__GB2
reg__23: reg__23
muxpart__89: muxpart__89
logic__885: logic__885
muxpart__81: muxpart__81
muxpart__328: muxpart__328
logic__1028: RTL_MUX278
reg__36: reg__36
reg__102: reg__102
muxpart__96: muxpart__96
logic__421: logic__421
logic__1017: logic__23
muxpart__140: muxpart__140
muxpart__336: muxpart__336
datapath__35: datapath__35
datapath__62: datapath__37
muxpart__190: muxpart__190
case__99: case__99
logic__417: logic__417
case__28: RTL_REG92
logic__287: RTL_REG84
reg__27: reg__27
logic__123: logic__123
muxpart__189: muxpart__189
muxpart__211: muxpart__211
RegisterNbits__parameterized0__9: RegisterNbits__parameterized0
muxpart__179: muxpart__179
logic__133: logic__133
reg__154: reg__1
RegisterNbits__parameterized0__42: RegisterNbits__parameterized0
case__190: case__56
RegisterNbits__parameterized0__18: RegisterNbits__parameterized0
reg__68: reg__68
muxpart__143: muxpart__143
logic__14: RTL_MUX291
reg__173: reg__1
logic__33: RTL_MUX281
muxpart__194: muxpart__194
muxpart__239: muxpart__239
case__164: case__164
UART_top: UART_top
muxpart__329: muxpart__329
reg__80: reg__80
muxpart__28: muxpart__28
muxpart__154: muxpart__154
muxpart__212: muxpart__212
muxpart__218: muxpart__218
case__34: RTL_MUX501
muxpart__331: muxpart__331
datapath__65: datapath__34
case__26: RTL_REG81
muxpart__225: muxpart__225
reg__92: reg__92
case__6: RTL_MUX500
muxpart__114: muxpart__114
logic__228: logic__228
muxpart__18: muxpart__18
logic__362: logic__362
logic__518: logic__518
logic__119: logic__119
muxpart__269: muxpart__269
reg__104: reg__104
Stage_ID: RTL_MUX462
reg__78: reg__78
reg__149: reg__1
muxpart__12: RTL_REG45
logic__221: logic__221
case__189: case__57
reg__24: reg__24
datapath__30: datapath__30
datapath__63: datapath__36
case__4: case__4
muxpart__323: muxpart__323
reg__94: reg__94
case__128: case__128
datapath__38: datapath__38
reg__174: reg__1
Memory_2_ports__GB1: Memory_2_ports__GB1
RegisterNbits__parameterized3__1: RegisterNbits__parameterized3
muxpart__161: muxpart__161
muxpart__21: muxpart__21
counter__1: counter__1
muxpart__249: muxpart__249
logic__6: RTL_MUX301
muxpart__203: muxpart__203
RegisterNbits__parameterized0__8: RegisterNbits__parameterized0
muxpart__176: muxpart__176
muxpart__295: muxpart__295
muxpart__146: muxpart__146
muxpart__243: muxpart__243
logic__443: logic__443
muxpart__60: muxpart__60
muxpart__284: muxpart__284
case__31: RTL_MUX504
muxpart__201: muxpart__201
logic__203: logic__203
logic__154: logic__154
datapath__42: datapath__42
muxpart__90: muxpart__90
reg__120: reg__120
case__80: case__80
muxpart__151: muxpart__151
ALU__1: RTL_MUX458
case__181: case__65
datapath__2: datapath__2
reg__101: reg__101
Stage_EX: RTL_MUX371
logic__1021: RTL_MUX298
reg__168: reg__1
muxpart__281: muxpart__281
reg__26: reg__26
logic__1001: RTL_MUX358
logic__270: logic__270
reg__186: reg__1
muxpart__120: muxpart__120
logic__509: logic__509
logic__263: RTL_REG88
case__76: case__76
case__176: case__70
logic__165: logic__165
case__109: case__109
muxpart__313: muxpart__313
case__200: case
reg__42: reg__42
UART_Receiver: UART_Receiver
logic__186: logic__186
case__171: case__171
muxpart__10: muxpart__10
logic__189: logic__189
muxpart__275: muxpart__275
case__184: case__62
logic__488: logic__488
reg__183: reg__1
reg__77: reg__77
logic__98: logic__98
logic__172: logic__172
muxpart__287: muxpart__287
datapath__4: datapath__4
muxpart__153: muxpart__153
muxpart__237: muxpart__237
logic__434: logic__434
logic__147: logic__147
reg__55: reg__55
RegisterNbits__parameterized0__31: RegisterNbits__parameterized0
muxpart__193: muxpart__193
muxpart__41: muxpart__41
datapath__64: datapath__35
muxpart__79: muxpart__79
muxpart__278: muxpart__278
muxpart__309: muxpart__309
reg__33: reg__33
muxpart__319: muxpart__319
reg__192: reg__1
logic__168: logic__168
muxpart__142: muxpart__142
reg__126: reg__126
muxpart__97: muxpart__97
muxpart__25: muxpart__25
logic__1025: RTL_MUX276
datapath__9: RTL_MUX490
logic__1004: logic__83
reg__131: reg__131
datapath: RTL_REG83
muxpart__115: muxpart__115
case__11: RTL_REG87
muxpart__256: muxpart__256
datapath__32: datapath__32
logic__905: logic__905
logic__391: logic__391
logic__235: logic__235
case__118: case__118
muxpart__311: muxpart__311
datapath__31: datapath__31
muxpart__138: muxpart__138
case__102: case__102
muxpart__127: muxpart__127
muxpart__384: muxpart__17
reg__115: reg__115
muxpart__102: muxpart__102
muxpart__291: muxpart__291
ImmediateDataExtractor__1: ImmediateDataExtractor
case: case
muxpart__88: muxpart__88
logic__273: RTL_MUX502
RegisterNbits__parameterized0__16: RegisterNbits__parameterized0
logic__30: RTL_MUX288
case__112: case__112
case__182: RTL_REG46
RegisterNbits__parameterized0__49: RegisterNbits__parameterized0
datapath__7: RTL_REG66
muxpart__321: muxpart__321
case__40: case__40
reg__100: reg__100
reg__103: reg__103
RegisterNbits__parameterized0__2: RegisterNbits__parameterized0
reg__51: reg__51
logic__130: RTL_MUX258
reg__179: reg__1
case__106: case__106
logic__305: RTL_MUX415
reg__211: reg__1
logic__358: RTL_REG68
muxpart: muxpart
logic__7: RTL_MUX300
muxpart__147: muxpart__147
muxpart__188: muxpart__188
logic__210: logic__210
muxpart__224: muxpart__224
muxpart__174: muxpart__174
muxpart__339: muxpart__339
case__191: RTL_MUX368
reg__137: reg__137
shift_unit: RTL_REG40
case__64: RTL_REG46
muxpart__156: muxpart__156
muxpart__274: muxpart__274
logic__424: logic__424
ram: ram
reg__73: reg__73
reg__46: reg__46
logic__137: logic__137
muxpart__280: muxpart__280
logic__914: logic__914
datapath__24: RTL_MUX489
muxpart__198: muxpart__198
case__17: RTL_MUX398
muxpart__235: muxpart__235
extram: extram
reg__167: reg__1
logic__1003: logic__84
datapath__43: datapath__43
reg__67: reg__67
muxpart__215: muxpart__215
logic__1015: RTL_MUX299
case__18: RTL_MUX499
muxpart__272: muxpart__272
logic__516: logic__516
reg__108: reg__108
muxpart__7: RTL_MUX248
muxpart__125: muxpart__125
reg__199: RTL_REG48
logic__179: logic__179
muxpart__306: muxpart__306
muxpart__283: muxpart__283
RegisterNbits__parameterized0__40: RegisterNbits__parameterized0
reg__136: reg__136
muxpart__292: muxpart__292
reg__84: reg__84
reg__207: RTL_MUX372
reg__180: reg__1
logic__1005: logic__82
RegisterNbits__parameterized2__6: RTL_MUX473
reg__178: reg__1
reg__8: RTL_MUX373
logic: RTL_MUX278
logic__158: logic__158
muxpart__123: muxpart__123
muxpart__36: muxpart__36
muxpart__236: muxpart__236
muxpart__260: muxpart__260
reg__69: reg__69
logic__25: RTL_MUX299
case__158: case__158
case__53: RTL_MUX461
muxpart__150: muxpart__150
muxpart__27: muxpart__27
RegisterNbits__parameterized0__4: RegisterNbits__parameterized0
logic__411: RTL_REG42
RegisterNbits__parameterized0__34: RegisterNbits__parameterized0
muxpart__42: muxpart__42
reg__215: reg__1
logic__1006: RTL_MUX280
datapath__10: RTL_MUX494
reg__21: reg__21
muxpart__54: muxpart__54
reg__107: reg__107
muxpart__113: muxpart__113
reg__163: reg__1
logic__1023: RTL_MUX300
reg__198: RTL_REG58
muxpart__271: muxpart__271
case__67: RTL_MUX357
case__61: RTL_REG49
RegisterNbits__parameterized0__19: RegisterNbits__parameterized0
reg__90: reg__90
reg__63: reg__63
case__119: case__119
RegisterNbits__parameterized0__41: RegisterNbits__parameterized0
muxpart__131: muxpart__131
reg__98: reg__98
reg__3: RTL_REG48
muxpart__141: muxpart__141
reg__37: reg__37
reg__128: reg__128
case__19: case__19
logic__182: logic__182
logic__1014: RTL_MUX292
reg__202: RTL_REG43
Decode_Unit: RTL_MUX287
muxpart__251: muxpart__251
logic__175: logic__175
reg__203: RTL_MUX373
case__1: case__1
case__165: case__165
case__104: case__104
muxpart__240: muxpart__240
logic__4: RTL_MUX307
case__170: case__170
case__151: case__151
reg__143: RTL_REG48
muxpart__82: muxpart__82
case__188: RTL_MUX367
logic__231: logic__231
reg__30: reg__30
muxpart__285: muxpart__285
logic__313: logic__313
reg__208: RTL_REG48
case__10: RTL_MUX403
reg__138: reg__138
reg__141: reg__141
logic__897: logic__897
reg__10: RTL_REG58
muxpart__70: muxpart__70
muxpart__29: muxpart__29
muxpart__64: muxpart__64
RegisterNbits__parameterized0__22: RegisterNbits__parameterized0
muxpart__84: muxpart__84
case__23: RTL_MUX515
muxpart__322: muxpart__322
muxpart__30: muxpart__30
muxpart__108: muxpart__108
datapath__48: datapath__48
logic__214: logic__214
logic__112: logic__112
muxpart__26: muxpart__26
logic__91: logic__91
case__133: case__133
logic__875: logic__875
Memory: Memory
reg__85: reg__85
muxpart__288: muxpart__288
logic__993: logic__430
reg: reg
case__117: case__117
logic__140: logic__140
muxpart__330: muxpart__330
logic__499: logic__499
case__123: case__123
logic__484: logic__484
case__71: case__71
muxpart__76: muxpart__76
muxpart__2: RTL_MUX297
muxpart__338: muxpart__338
reg__111: reg__111
case__100: case__100
Stage_MEM__1: RTL_REG52
ControlPath: RTL_MUX283
Stage_MEM: RTL_REG52
logic__410: RTL_MUX358
RegisterNbits__parameterized2__7: RTL_MUX473
muxpart__204: muxpart__204
logic__915: logic__915
muxpart__13: muxpart__13
muxpart__302: muxpart__302
muxpart__317: muxpart__317
muxpart__87: muxpart__87
logic__1002: logic__409
muxpart__173: muxpart__173
muxpart__122: muxpart__122
muxpart__53: muxpart__53
muxpart__187: muxpart__187
logic__893: logic__893
Forwarding_unit: Forwarding_unit
muxpart__178: muxpart__178
logic__992: logic__431
reg__57: reg__57
case__85: case__85
reg__53: reg__53
case__49: RTL_REG51
reg__89: reg__89
logic__34: RTL_MUX280
muxpart__196: muxpart__196
muxpart__109: muxpart__109
reg__156: reg__1
logic__987: logic__440
logic__259: RTL_MUX505
RegisterNbits__parameterized0__38: RegisterNbits__parameterized0
muxpart__67: muxpart__67
muxpart__307: muxpart__307
datapath__11: RTL_MUX481
case__25: case__25
muxpart__220: muxpart__220
muxpart__238: muxpart__238
case__154: case__154
case__81: case__81
muxpart__327: muxpart__327
muxpart__93: muxpart__93
muxpart__83: muxpart__83
case__126: case__126
logic__193: logic__193
RegisterNbits__parameterized0__12: RegisterNbits__parameterized0
logic__332: RTL_REG78
case__187: RTL_MUX475
HazardDetection_unit: HazardDetection_unit
muxpart__276: muxpart__276
logic__430: logic__430
muxpart__390: muxpart__1
RegisterNbits__parameterized0__28: RegisterNbits__parameterized0
logic__512: logic__512
reg__170: reg__1
reg__195: RTL_REG47
muxpart__57: muxpart__57
reg__212: reg__1
case__16: RTL_REG82
RegisterNbits__parameterized0__33: RegisterNbits__parameterized0
muxpart__227: muxpart__227
reg__165: reg__1
logic__161: logic__161
case__5: case__5
reg__177: reg__1
reg__216: reg__1
reg__49: reg__49
muxpart__267: muxpart__267
muxpart__168: muxpart__168
case__153: case__153
reg__71: reg__71
logic__280: RTL_MUX507
reg__146: RTL_REG48
logic__217: logic__217
logic__31: RTL_MUX284
case__33: case__33
reg__112: reg__112
case__74: case__74
muxpart__320: muxpart__320
muxpart__310: muxpart__310
datapath__57: datapath__57
logic__144: logic__144
case__22: case__22
logic__308: RTL_MUX498
muxpart__270: muxpart__270
reg__155: reg__1
muxpart__39: muxpart__39
muxpart__59: muxpart__59
muxpart__175: muxpart__175
reg__25: reg__25
case__166: case__166
muxpart__226: muxpart__226
muxpart__213: muxpart__213
case__78: case__78
case__54: case__54
case__72: case__72
RegisterNbits__parameterized0__45: RegisterNbits__parameterized0
logic__320: logic__320
reg__172: reg__1
reg__15: RTL_REG54
muxpart__290: muxpart__290
RegisterNbits__parameterized0__11: RegisterNbits__parameterized0
logic__1019: logic__21
logic__238: logic__238
case__24: RTL_MUX402
RegisterNbits__parameterized0__47: RegisterNbits__parameterized0
reg__209: RTL_REG48
muxpart__228: muxpart__228
logic__18: RTL_MUX286
logic__988: logic__437
logic__896: logic__896
case__192: case__54
muxpart__43: muxpart__43
case__180: RTL_MUX360
reg__201: reg__1
reg__34: reg__34
RegisterNbits__parameterized0__29: RegisterNbits__parameterized0
logic__95: logic__95
RegisterNbits__parameterized2__1: RTL_MUX473
case__199: case__1
muxpart__326: muxpart__326
muxpart__184: muxpart__184
logic__32: RTL_MUX282
muxpart__106: muxpart__106
reg__74: reg__74
RegisterNbits__parameterized0__48: RegisterNbits__parameterized0
muxpart__250: muxpart__250
logic__911: logic__911
RegisterNbits__parameterized2__4: RTL_MUX473
logic__975: logic__975
RegisterNbits__parameterized0__24: RegisterNbits__parameterized0
logic__433: logic__433
RegisterNbits__parameterized0__21: RegisterNbits__parameterized0
logic__888: logic__888
reg__129: reg__129
datapath__33: RTL_REG72
case__32: RTL_MUX416
logic__22: RTL_MUX294
case__116: case__116
muxpart__232: muxpart__232
logic__1024: RTL_MUX301
reg__35: reg__35
muxpart__255: muxpart__255
reg__191: RTL_REG48
logic__23: logic__23
reg__110: reg__110
logic__344: logic__344
muxpart__294: muxpart__294
logic__519: logic__519
reg__28: reg__28
reg__38: reg__38
muxpart__126: muxpart__126
muxpart__35: muxpart__35
datapath__49: datapath__49
reg__54: reg__54
case__12: case__12
muxpart__241: muxpart__241
case__183: RTL_MUX363
logic__26: RTL_MUX292
muxpart__308: muxpart__308
logic__989: logic__434
case__15: RTL_REG86
muxpart__214: muxpart__214
muxpart__234: muxpart__234
muxpart__352: muxpart__352
case__21: RTL_MUX506
muxpart__303: muxpart__303
case__42: case__42
logic__298: logic__298
muxpart__318: muxpart__318
logic__277: RTL_MUX407
logic__827: logic__827
case__197: RTL_REG51
muxpart__136: muxpart__136
Stage_WB: RTL_MUX374
case__41: case__41
logic__200: logic__200
muxpart__296: muxpart__296
Memory_2_ports__GB0: Memory_2_ports__GB0
datapath__6: RTL_MUX383
reg__184: reg__1
RegisterNbits__parameterized2__9: RTL_MUX473
ImmediateDataExtractor: ImmediateDataExtractor
logic__354: logic__354
muxpart__66: muxpart__66
muxpart__75: muxpart__75
muxpart__63: muxpart__63
reg__150: reg__1
reg__185: reg__1
case__83: case__83
reg__83: reg__83
logic__490: logic__490
case__50: RTL_MUX464
logic__291: logic__291
case__58: RTL_MUX367
muxpart__71: muxpart__71
muxpart__315: muxpart__315
logic__1026: RTL_MUX307
reg__147: reg__1
reg__130: reg__130
muxpart__385: muxpart__16
muxpart__183: muxpart__183
case__59: RTL_MUX475
reg__79: reg__79
reg__12: RTL_MUX472
case__68: case__68
RegisterNbits__parameterized0__3: RegisterNbits__parameterized0
case__39: RTL_MUX482
muxpart__162: muxpart__162
reg__158: reg__1
logic__477: logic__477
datapath__34: datapath__34
muxpart__233: muxpart__233
datapath__47: datapath__47
muxpart__132: muxpart__132
muxpart__94: muxpart__94
muxpart__69: muxpart__69
RegisterNbits__parameterized0__44: RegisterNbits__parameterized0
case__167: case__167
ALU: RTL_MUX458
case__195: case__51
case__7: case__7
reg__139: reg__139
datapath__28: datapath__28
datapath__61: datapath__38
reg__188: reg__16
muxpart__32: muxpart__32
muxpart__389: RTL_MUX297
muxpart__3: RTL_MUX243
muxpart__382: muxpart__19
logic__389: logic__389
reg__76: reg__76
muxpart__100: muxpart__100
logic__151: logic__151
case__127: case__127
reg__121: reg__121
case__77: case__77
reg__96: reg__96
logic__494: logic__494
logic__369: logic__369
reg__50: reg__50
muxpart__107: muxpart__107
logic__976: logic__976
Double_issue_dep: Double_issue_dep
muxpart__170: muxpart__170
logic__903: logic__903
datapath__12: RTL_REG75
case__161: case__161
muxpart__334: muxpart__334
logic__904: logic__904
logic__487: logic__487
CSR_module: CSR_module
case__36: RTL_REG71
logic__390: logic__390
logic__256: logic__256
muxpart__33: muxpart__33
logic__1009: RTL_MUX284
case__115: case__115
reg__9: RTL_REG43
case__46: case__46
case__152: case__152
case__130: case__130
logic__392: logic__392
logic__338: logic__338
muxpart__264: muxpart__264
muxpart__58: muxpart__58
logic__366: logic__366
muxpart__245: muxpart__245
logic__27: RTL_MUX290
logic__249: logic__249
muxpart__258: muxpart__258
datapath__20: RTL_MUX391
reg__16: reg__16
muxpart__383: muxpart__18
reg__164: reg__1
logic__17: RTL_MUX298
muxpart__207: muxpart__207
reg__91: reg__91
logic__459: logic__459
muxpart__40: muxpart__40
reg__181: reg__1
reg__97: reg__97
reg__5: reg__5
muxpart__112: muxpart__112
logic__109: logic__109
case__38: case__38
RegisterNbits__parameterized3__3: RegisterNbits__parameterized3
reg__65: reg__65
case__159: case__159
muxpart__333: muxpart__333
muxpart__301: muxpart__301
muxpart__1: muxpart__1
muxpart__169: muxpart__169
muxpart__259: muxpart__259
logic__24: logic__24
reg__86: reg__86
counter: counter
reg__93: reg__93
reg__113: reg__113
datapath__45: datapath__45
reg__187: RTL_REG41
muxpart__8: RTL_MUX375
RegisterNbits__parameterized0__13: RegisterNbits__parameterized0
muxpart__216: muxpart__216
muxpart__289: muxpart__289
reg__206: reg__5
muxpart__103: muxpart__103
muxpart__312: muxpart__312
muxpart__78: muxpart__78
reg__39: reg__39
logic__413: RTL_MUX364
reg__157: reg__1
muxpart__55: muxpart__55
muxpart__46: muxpart__46
muxpart__157: muxpart__157
logic__981: logic__981
muxpart__195: muxpart__195
logic__29: RTL_MUX289
muxpart__261: muxpart__261
muxpart__80: muxpart__80
muxpart__202: muxpart__202
case__52: RTL_MUX361
muxpart__305: muxpart__305
muxpart__159: muxpart__159
muxpart__341: muxpart__341
datapath__1: RTL_MUX511
muxpart__6: muxpart__6
logic__84: logic__84
RegisterNbits__parameterized0__5: RegisterNbits__parameterized0
RegisterNbits__parameterized0__39: RegisterNbits__parameterized0
case__103: case__103
reg__169: reg__1
reg__105: reg__105
reg__60: reg__60
muxpart__304: muxpart__304
logic__207: logic__207
datapath__5: RTL_MUX381
muxpart__164: muxpart__164
reg__166: reg__1
logic__405: RTL_MUX362
logic__502: logic__502
reg__106: reg__106
case__84: case__84
muxpart__172: muxpart__172
reg__45: reg__45
reg__66: reg__66
RegisterNbits__parameterized0__6: RegisterNbits__parameterized0
muxpart__130: muxpart__130
logic__912: logic__912
muxpart__144: muxpart__144
muxpart__335: muxpart__335
reg__197: RTL_REG55
RegisterNbits__parameterized3: RegisterNbits__parameterized3
muxpart__137: muxpart__137
muxpart__191: muxpart__191
muxpart__222: muxpart__222
RegisterNbits__parameterized0__7: RegisterNbits__parameterized0
datapath__40: datapath__40
reg__153: reg__1
reg__59: reg__59
reg__114: reg__114
case__82: case__82
case__45: case__45
case__13: RTL_MUX512
RegisterNbits__parameterized2: RTL_MUX473
muxpart__265: muxpart__265
logic__317: logic__317
muxpart__124: muxpart__124
reg__210: RTL_REG48
reg__41: reg__41
datapath__39: datapath__39
reg__161: reg__1
muxpart__186: muxpart__186
muxpart__324: muxpart__324
case__48: RTL_MUX465
RegisterNbits__parameterized0: RegisterNbits__parameterized0
muxpart__44: muxpart__44
logic__996: logic__417
case__35: case__35
muxpart__48: muxpart__48
muxpart__282: muxpart__282
reg__88: reg__88
datapath__27: RTL_MUX488
reg__18: reg__18
muxpart__199: muxpart__199
logic__865: logic__865
logic__998: RTL_MUX364
datapath__56: datapath__56
RegisterNbits__parameterized0__10: RegisterNbits__parameterized0
reg__95: reg__95
reg__62: reg__62
reg__175: reg__1
reg__119: reg__119
logic__493: logic__493
extladd: extladd
logic__1016: logic__24
muxpart__101: muxpart__101
reg__125: reg__125
muxpart__266: muxpart__266
case__174: case__72
muxpart__47: muxpart__47
reg__144: RTL_REG48
case__173: case__173
datapath__59: datapath__40
reg__190: RTL_REG58
logic__350: logic__350
reg__1: reg__1
datapath__22: RTL_MUX492
logic__1020: RTL_MUX286
muxpart__24: muxpart__24
case__62: case__62
Decode_Unit__1: RTL_MUX287
logic__88: logic__88
logic__326: RTL_MUX389
logic__1011: RTL_MUX289
RegisterNbits__parameterized0__32: RegisterNbits__parameterized0
muxpart__325: muxpart__325
datapath__23: RTL_REG69
RegisterNbits__parameterized0__30: RegisterNbits__parameterized0
logic__1012: RTL_MUX305
reg__82: reg__82
datapath__3: datapath__3
reg__159: reg__1
muxpart__388: RTL_MUX243
logic__432: logic__432
Stage_EX__1: RTL_MUX371
muxpart__110: muxpart__110
muxpart__181: muxpart__181
logic__301: logic__301
logic__21: logic__21
logic__1013: RTL_MUX290
logic__393: RTL_MUX476
case__30: case__30
muxpart__219: muxpart__219
muxpart__61: muxpart__61
muxpart__65: muxpart__65
logic__1018: RTL_MUX294
muxpart__253: muxpart__253
logic__503: logic__503
muxpart__134: muxpart__134
muxpart__128: muxpart__128
muxpart__180: muxpart__180
RegisterNbits: RegisterNbits
logic__409: logic__409
case__43: case__43
reg__44: reg__44
RegisterNbits__parameterized0__35: RegisterNbits__parameterized0
logic__412: RTL_MUX366
case__56: case__56
RegisterNbits__parameterized0__20: RegisterNbits__parameterized0
logic__105: logic__105
reg__140: reg__140
muxpart__111: muxpart__111
muxpart__163: muxpart__163
muxpart__99: muxpart__99
muxpart__246: muxpart__246
muxpart__98: muxpart__98
datapath__51: datapath__51
muxpart__91: muxpart__91
logic__3: RTL_MUX304
logic__440: logic__440
counter__2: counter__2
muxpart__160: muxpart__160
reg__152: reg__1
case__47: RTL_MUX471
muxpart__34: muxpart__34
logic__974: logic__974
muxpart__22: muxpart__22
RegisterNbits__parameterized1: RegisterNbits__parameterized1
logic__5: RTL_MUX276
logic__517: logic__517
reg__13: RTL_REG47
case__157: case__157
reg__145: RTL_REG48
logic__196: logic__196
muxpart__23: muxpart__23
case__179: RTL_MUX357
reg__19: reg__19
muxpart__210: muxpart__210
logic__990: logic__433
muxpart__135: muxpart__135
reg__118: reg__118
muxpart__119: muxpart__119
datapath__46: datapath__46
muxpart__165: muxpart__165
case__88: case__88
case__37: RTL_REG77
muxpart__92: muxpart__92
RegisterNbits__parameterized0__37: RegisterNbits__parameterized0
RegisterFile: RTL_MUX238
datapath__50: datapath__50
reg__17: RTL_REG41
case__177: case__69
muxpart__116: muxpart__116
reg__20: reg__20
muxpart__286: muxpart__286
datapath__14: datapath__14
reg__109: reg__109
reg__22: reg__22
reg__135: reg__135
logic__986: logic__443
logic__483: logic__483
RegisterNbits__parameterized2__2: RTL_MUX473
reg__189: RTL_REG54
reg__52: reg__52
case__57: case__57
logic__102: logic__102
logic__881: logic__881
case__75: case__75
muxpart__205: muxpart__205
case__175: case__71
muxpart__314: muxpart__314
logic__1007: RTL_MUX281
RegisterNbits__parameterized0__23: RegisterNbits__parameterized0
muxpart__37: muxpart__37
Stage_ID__1: RTL_MUX462
RegisterNbits__parameterized0__17: RegisterNbits__parameterized0
RegisterNbits__parameterized0__46: RegisterNbits__parameterized0
reg__194: RTL_MUX365
muxpart__316: muxpart__316
muxpart__149: muxpart__149
RegisterNbits__parameterized0__27: RegisterNbits__parameterized0
RegisterNbits__parameterized2__8: RTL_MUX473
logic__977: logic__977
case__178: case__68
case__105: case__105
logic__496: logic__496
muxpart__16: muxpart__16
reg__196: RTL_MUX472
muxpart__95: muxpart__95
muxpart__342: muxpart__342
case__51: case__51
logic__984: logic__984
logic__991: logic__432
datapath__15: RTL_REG70
case__8: case__8
reg__160: reg__1
muxpart__148: muxpart__148
muxpart__50: muxpart__50
reg__64: reg__64
case__63: RTL_MUX363
reg__72: reg__72
RISCV_superscalar_fpga_top__GC0: RISCV_superscalar_fpga_top__GC0
logic__28: RTL_MUX305
case__160: case__160
muxpart__171: muxpart__171
muxpart__279: muxpart__279
logic__994: logic__424
logic__314: logic__314
logic__414: RTL_MUX457
case__198: case__2
datapath__18: datapath__18
logic__985: logic__459
Stage_WB__1: RTL_MUX374
reg__43: reg__43
logic__252: RTL_MUX513
muxpart__206: muxpart__206
datapath__55: datapath__55
case__121: case__121
reg__87: reg__87
RegisterNbits__parameterized0__26: RegisterNbits__parameterized0
muxpart__20: muxpart__20
reg__32: reg__32
reg__56: reg__56
datapath__52: datapath__52
muxpart__167: muxpart__167
logic__995: logic__421
case__162: case__162
muxpart__85: muxpart__85
logic__1010: RTL_MUX288
muxpart__273: muxpart__273
muxpart__56: muxpart__56
muxpart__19: muxpart__19
logic__495: logic__495
muxpart__297: muxpart__297
reg__61: reg__61
muxpart__387: RTL_REG45
logic__294: logic__294
muxpart__244: muxpart__244
case__73: case__73
reg__171: reg__1
muxpart__152: muxpart__152
logic__999: RTL_MUX366
logic__82: logic__82
logic__913: logic__913
datapath__41: datapath__41
case__44: RTL_MUX376
logic__83: logic__83
case__111: case__111
muxpart__185: muxpart__185
reg__116: reg__116
muxpart__155: muxpart__155
muxpart__217: muxpart__217
datapath__25: datapath__25
muxpart__197: muxpart__197
muxpart__247: muxpart__247
muxpart__298: muxpart__298
muxpart__182: muxpart__182
muxpart__248: muxpart__248
muxpart__337: muxpart__337
datapath__26: RTL_MUX486
UART_Transmitter: UART_Transmitter
datapath__16: datapath__16
logic__323: logic__323
logic__284: RTL_REG99
muxpart__208: muxpart__208
muxpart__166: muxpart__166
muxpart__223: muxpart__223
muxpart__221: muxpart__221
muxpart__262: muxpart__262
logic__833: logic__833
muxpart__299: muxpart__299
RegisterNbits__parameterized0__36: RegisterNbits__parameterized0
reg__11: RTL_REG55
RegisterNbits__parameterized0__50: RegisterNbits__parameterized0
reg__29: reg__29
reg__182: reg__1
case__132: case__132
case__185: RTL_REG49
logic__245: logic__245
reg__58: reg__58
muxpart__254: muxpart__254
case__113: case__113
logic__266: RTL_REG94
muxpart__277: muxpart__277
muxpart__86: muxpart__86
muxpart__257: muxpart__257
case__69: case__69
muxpart__51: muxpart__51
case__114: case__114
logic__470: logic__470
RISCV_superscalar: RTL_MUX302
muxpart__386: muxpart__13
reg__162: reg__1
case__101: case__101
case__79: case__79
RegisterNbits__parameterized0__14: RegisterNbits__parameterized0
muxpart__263: muxpart__263
reg__99: reg__99
case__172: case__172
logic__372: RTL_REG63
muxpart__74: muxpart__74
muxpart__340: muxpart__340
reg__142: RTL_REG58
muxpart__5: muxpart__5
reg__2: reg__2
logic__116: logic__116
muxpart__230: muxpart__230
muxpart__268: muxpart__268
muxpart__17: muxpart__17
datapath__19: datapath__19
muxpart__62: muxpart__62
case__65: case__65
reg__40: reg__40
datapath__13: RTL_MUX387
muxpart__391: muxpart
muxpart__117: muxpart__117
muxpart__300: muxpart__300
datapath__60: datapath__39
muxpart__129: muxpart__129
case__194: RTL_MUX361
case__14: case__14
logic__400: RTL_MUX370
muxpart__145: muxpart__145
case__2: case__2
reg__7: RTL_REG53
logic__431: logic__431
muxpart__49: muxpart__49
case__163: case__163
datapath__53: datapath__53
datapath__58: datapath__41
logic__126: logic__126
muxpart__139: muxpart__139
case__129: case__129
reg__193: reg__1
DataPath: DataPath
case__122: case__122
case__125: case__125
reg__4: RTL_MUX372
muxpart__231: muxpart__231
reg__213: reg__1
case__55: RTL_MUX368
datapath__8: RTL_MUX396
reg__14: RTL_MUX365
case__193: RTL_MUX461
logic__242: RTL_MUX409
datapath__29: datapath__29
case__186: RTL_MUX369
logic__1022: RTL_MUX291
case__110: case__110
reg__48: reg__48
muxpart__38: muxpart__38
RegisterNbits__parameterized0__43: RegisterNbits__parameterized0
reg__214: reg__1
case__20: RTL_MUX401
muxpart__293: muxpart__293
logic__506: logic__506
logic__383: logic__383
case__29: RTL_MUX399
muxpart__229: muxpart__229
case__169: case__169
RegisterNbits__parameterized0__25: RegisterNbits__parameterized0
datapath__54: datapath__54
reg__176: reg__1
muxpart__104: muxpart__104
muxpart__121: muxpart__121
muxpart__72: muxpart__72
case__196: RTL_MUX464
case__107: case__107
case__60: RTL_MUX369
reg__200: reg__1
datapath__44: datapath__44
reg__31: reg__31
reg__81: reg__81
RegisterNbits__parameterized0__1: RegisterNbits__parameterized0
logic__489: logic__489
logic__513: logic__513
datapath__36: datapath__36
RegisterNbits__parameterized3__2: RegisterNbits__parameterized3
reg__132: reg__132
muxpart__158: muxpart__158
muxpart__252: muxpart__252
reg__205: RTL_MUX470
reg__148: reg__1
reg__47: reg__47
muxpart__105: muxpart__105
muxpart__332: muxpart__332
logic__978: logic__978
case__27: RTL_MUX408
muxpart__52: muxpart__52
RegisterNbits__parameterized0__15: RegisterNbits__parameterized0
RegisterNbits__parameterized2__5: RTL_MUX473
logic__1008: RTL_MUX282
muxpart__31: muxpart__31
muxpart__118: muxpart__118
logic__1027: RTL_MUX304
reg__151: reg__1
logic__1000: RTL_REG42
case__108: case__108
datapath__37: datapath__37
logic__384: logic__384
reg__6: RTL_MUX470
muxpart__4: muxpart__4
muxpart__177: muxpart__177
muxpart__242: muxpart__242
logic__900: logic__900
logic__997: RTL_MUX457
shift_unit__1: RTL_REG40
logic__437: logic__437
case__120: case__120
logic__224: logic__224
muxpart__45: muxpart__45
Memory_2_ports__GB3: Memory_2_ports__GB3
muxpart__200: muxpart__200
case__66: RTL_MUX360
reg__204: RTL_REG53
muxpart__68: muxpart__68
