muxpart__298: muxpart__298
logic__1021: logic__23
muxpart__145: muxpart__145
case__106: case__106
case__197: case__49
muxpart__311: muxpart__311
muxpart__171: muxpart__171
logic__30: logic__30
muxpart__197: muxpart__197
case__25: case__25
muxpart__47: muxpart__47
reg__62: reg__62
datapath__55: datapath__55
case__187: case__59
muxpart__213: muxpart__213
logic__432: logic__432
muxpart__352: muxpart__352
logic__433: logic__433
case__66: case__66
reg__105: reg__105
case__120: case__120
reg__78: reg__78
reg__148: reg__1
reg__34: reg__34
datapath__6: datapath__6
reg__94: reg__94
datapath__48: datapath__48
muxpart__51: muxpart__51
muxpart__314: muxpart__314
case__103: case__103
muxpart__44: muxpart__44
muxpart__330: muxpart__330
datapath__65: datapath__34
logic__1001: logic__414
reg__60: reg__60
case__152: case__152
logic__391: logic__391
datapath__3: datapath__3
RegisterNbits__parameterized0__37: RegisterNbits__parameterized0
reg__1: reg__1
case__160: case__160
logic__494: logic__494
muxpart__212: muxpart__212
muxpart__154: muxpart__154
case__133: case__133
reg__159: reg__1
muxpart__66: muxpart__66
case__4: case__4
reg__76: reg__76
logic__28: logic__28
muxpart__111: muxpart__111
muxpart__247: muxpart__247
muxpart__153: muxpart__153
reg__53: reg__53
muxpart__96: muxpart__96
RegisterNbits__parameterized0__41: RegisterNbits__parameterized0
datapath__50: datapath__50
RegisterNbits__parameterized0__6: RegisterNbits__parameterized0
logic__904: logic__904
reg__152: reg__1
muxpart__8: muxpart__8
reg__177: reg__1
RegisterNbits__parameterized0__10: RegisterNbits__parameterized0
logic__518: logic__518
case__172: case__172
logic__992: logic__437
RegisterNbits__parameterized2__6: RegisterNbits__parameterized2
muxpart__308: muxpart__308
case__176: case__70
muxpart__280: muxpart__280
reg__206: reg__5
RegisterNbits__parameterized0__32: RegisterNbits__parameterized0
reg__102: reg__102
muxpart__286: muxpart__286
muxpart__130: muxpart__130
reg__86: reg__86
case__49: case__49
reg__95: reg__95
logic__154: logic__154
muxpart__196: muxpart__196
datapath__22: datapath__22
logic__978: logic__978
datapath__39: datapath__39
muxpart__387: muxpart__12
datapath__35: datapath__35
logic__1002: logic__413
RegisterNbits__parameterized0__47: RegisterNbits__parameterized0
muxpart__155: muxpart__155
logic__158: logic__158
logic__18: RTL_MUX632
muxpart__21: muxpart__21
logic__513: logic__513
reg__17: reg__17
logic__228: logic__228
muxpart__237: muxpart__237
muxpart__146: muxpart__146
muxpart__84: muxpart__84
reg__33: reg__33
muxpart__125: muxpart__125
logic__372: logic__372
reg__92: reg__92
RegisterNbits__parameterized0__19: RegisterNbits__parameterized0
case__170: case__170
muxpart__315: muxpart__315
logic__32: logic__32
muxpart__279: muxpart__279
muxpart__241: muxpart__241
muxpart__335: muxpart__335
logic__997: logic__430
RegisterNbits__parameterized0__34: RegisterNbits__parameterized0
logic__1006: logic__409
case__167: case__167
RegisterNbits__parameterized0__20: RegisterNbits__parameterized0
reg__163: reg__1
reg__46: reg__46
reg__13: reg__13
reg__9: reg__9
case__20: case__20
reg__35: reg__35
muxpart__198: muxpart__198
reg__64: reg__64
logic__989: logic__459
muxpart__18: muxpart__18
muxpart__304: muxpart__304
shift_unit: shift_unit
datapath__19: datapath__19
logic__214: logic__214
case__151: case__151
reg__179: reg__1
reg__114: reg__114
muxpart__202: muxpart__202
logic__326: logic__326
case__7: case__7
muxpart__301: muxpart__301
Stage_EX__1: Stage_EX
muxpart__121: muxpart__121
logic__980: logic__980
logic__1016: logic__28
muxpart__306: muxpart__306
reg__115: reg__115
RegisterNbits__parameterized0__4: RegisterNbits__parameterized0
reg__27: reg__27
logic__413: logic__413
case__46: case__46
case__19: case__19
RegisterNbits__parameterized0__13: RegisterNbits__parameterized0
RISCV_superscalar_fpga_top__GC0: RISCV_superscalar_fpga_top__GC0
case__113: case__113
logic__872: logic__872
RegisterNbits__parameterized2__8: RegisterNbits__parameterized2
datapath__27: datapath__27
muxpart__276: muxpart__276
reg__174: reg__1
muxpart__181: muxpart__181
muxpart__257: muxpart__257
muxpart__249: muxpart__249
case__70: case__70
case__50: case__50
logic__1025: logic__17
case__165: case__165
logic__137: logic__137
muxpart__20: muxpart__20
muxpart__185: muxpart__185
reg__208: reg__3
reg__139: reg__139
logic__440: logic__440
case__181: case__65
muxpart__39: muxpart__39
muxpart__309: muxpart__309
datapath: datapath
case__57: case__57
reg__50: reg__50
logic__502: logic__502
logic__430: logic__430
logic__979: logic__979
case__194: case__52
muxpart__192: muxpart__192
muxpart__173: muxpart__173
case__79: case__79
muxpart__176: muxpart__176
case__153: case__153
muxpart__150: muxpart__150
logic__885: logic__885
muxpart__327: muxpart__327
reg__175: reg__1
muxpart__188: muxpart__188
datapath__47: datapath__47
reg__66: reg__66
muxpart__163: muxpart__163
muxpart__61: muxpart__61
case: case
case__121: case__121
case__111: case__111
reg__214: reg__1
logic__193: logic__193
ImmediateDataExtractor: ImmediateDataExtractor
datapath__15: datapath__15
logic__301: logic__301
case__27: case__27
reg__106: reg__106
logic__266: logic__266
muxpart__265: muxpart__265
case__129: case__129
case__26: case__26
logic__291: logic__291
muxpart__385: muxpart__16
case__34: case__34
reg__99: reg__99
Memory_2_ports__GB2: Memory_2_ports__GB2
reg__142: reg__10
datapath__10: datapath__10
logic__1030: logic__4
logic__168: logic__168
logic__1009: logic__82
muxpart__1: muxpart__1
case__63: case__63
case__179: case__67
DataPath: DataPath
RegisterNbits__parameterized0__24: RegisterNbits__parameterized0
muxpart__236: muxpart__236
logic__284: logic__284
muxpart: muxpart
muxpart__272: muxpart__272
RegisterNbits__parameterized0__49: RegisterNbits__parameterized0
muxpart__77: muxpart__77
Forwarding_unit: Forwarding_unit
muxpart__326: muxpart__326
case__64: case__64
case__9: case__9
logic__165: logic__165
muxpart__46: muxpart__46
reg__5: reg__5
ram: ram
muxpart__82: muxpart__82
extram: extram
datapath__59: datapath__40
muxpart__235: muxpart__235
reg__182: reg__1
logic__1020: logic__24
muxpart__258: muxpart__258
logic__900: logic__900
case__40: case__40
reg__43: reg__43
logic__1028: RTL_LATCH0
muxpart__229: muxpart__229
case__62: case__62
muxpart__318: muxpart__318
reg__100: reg__100
muxpart__87: muxpart__87
reg__82: reg__82
case__193: case__53
HazardDetection_unit: HazardDetection_unit
logic__280: logic__280
RegisterNbits__parameterized0__25: RegisterNbits__parameterized0
muxpart__248: muxpart__248
reg__32: reg__32
reg__77: reg__77
RegisterNbits__parameterized0__29: RegisterNbits__parameterized0
logic: logic
muxpart__234: muxpart__234
reg__8: reg__8
RegisterNbits__parameterized0__3: RegisterNbits__parameterized0
reg__191: reg__3
case__14: case__14
muxpart__168: muxpart__168
reg__39: reg__39
case__116: case__116
logic__496: logic__496
muxpart__137: muxpart__137
reg__37: reg__37
case__173: case__173
logic__897: logic__897
muxpart__210: muxpart__210
reg__83: reg__83
reg__203: reg__8
logic__350: logic__350
muxpart__114: muxpart__114
RegisterNbits__parameterized0__14: RegisterNbits__parameterized0
logic__1015: logic__29
case__71: case__71
counter__1: counter__1
case__76: case__76
reg__125: reg__125
reg__119: reg__119
logic__207: logic__207
muxpart__102: muxpart__102
case__10: case__10
reg__192: reg__1
reg__104: reg__104
muxpart__200: muxpart__200
reg__52: reg__52
muxpart__148: muxpart__148
reg__7: reg__7
muxpart__127: muxpart__127
case__191: case__55
case__114: case__114
muxpart__175: muxpart__175
logic__1022: RTL_AND192
reg__150: reg__1
reg__113: reg__113
CSR_module: CSR_module
datapath__64: datapath__35
reg__112: reg__112
Memory_2_ports__GB3: Memory_2_ports__GB3
reg__124: reg__124
reg__198: reg__10
logic__1013: logic__31
case__29: case__29
logic__512: logic__512
logic__383: logic__383
muxpart__166: muxpart__166
muxpart__140: muxpart__140
muxpart__16: muxpart__16
case__30: case__30
reg__56: reg__56
muxpart__50: muxpart__50
logic__443: logic__443
muxpart__221: muxpart__221
muxpart__261: muxpart__261
muxpart__259: muxpart__259
reg__117: reg__117
logic__506: logic__506
muxpart__26: muxpart__26
case__44: case__44
muxpart__141: muxpart__141
reg__90: reg__90
case__132: case__132
muxpart__262: muxpart__262
muxpart__331: muxpart__331
reg__103: reg__103
logic__1018: logic__26
logic__263: logic__263
muxpart__205: muxpart__205
case__60: case__60
logic__179: logic__179
muxpart__263: muxpart__263
muxpart__29: muxpart__29
case__175: case__71
logic__993: logic__434
muxpart__320: muxpart__320
reg: reg
muxpart__223: muxpart__223
muxpart__134: muxpart__134
RegisterNbits__parameterized0__23: RegisterNbits__parameterized0
muxpart__268: muxpart__268
logic__7: RTL_MUX631
reg__79: reg__79
case__5: case__5
reg__158: reg__1
logic__390: logic__390
muxpart__310: muxpart__310
reg__51: reg__51
muxpart__123: muxpart__123
logic__27: logic__27
muxpart__322: muxpart__322
muxpart__201: muxpart__201
logic__82: logic__82
reg__130: reg__130
reg__151: reg__1
RegisterNbits__parameterized0__5: RegisterNbits__parameterized0
logic__320: logic__320
case__119: case__119
muxpart__106: muxpart__106
logic__487: logic__487
muxpart__164: muxpart__164
case__127: case__127
logic__1014: logic__30
logic__196: logic__196
muxpart__33: muxpart__33
reg__155: reg__1
reg__97: reg__97
muxpart__59: muxpart__59
reg__89: reg__89
muxpart__285: muxpart__285
reg__138: reg__138
RegisterNbits__parameterized0__2: RegisterNbits__parameterized0
muxpart__73: muxpart__73
muxpart__23: muxpart__23
logic__22: RTL_AND192
muxpart__204: muxpart__204
RISCV_superscalar: RISCV_superscalar
reg__93: reg__93
muxpart__230: muxpart__230
case__33: case__33
reg__132: reg__132
reg__196: reg__12
datapath__11: datapath__11
logic__1023: logic__21
case__110: case__110
logic__25: logic__25
case__13: case__13
datapath__40: datapath__40
muxpart__277: muxpart__277
logic__112: logic__112
datapath__62: datapath__37
reg__28: reg__28
muxpart__224: muxpart__224
datapath__42: datapath__42
muxpart__339: muxpart__339
muxpart__93: muxpart__93
muxpart__211: muxpart__211
muxpart__292: muxpart__292
RegisterNbits__parameterized2__3: RegisterNbits__parameterized2
case__126: case__126
RegisterNbits__parameterized3__3: RegisterNbits__parameterized3
reg__215: reg__1
muxpart__283: muxpart__283
logic__308: logic__308
muxpart__126: muxpart__126
muxpart__169: muxpart__169
datapath__23: datapath__23
muxpart__162: muxpart__162
reg__167: reg__1
case__198: case__2
logic__88: logic__88
case__68: case__68
RegisterNbits__parameterized3__1: RegisterNbits__parameterized3
RegisterNbits__parameterized2__9: RegisterNbits__parameterized2
case__35: case__35
muxpart__142: muxpart__142
RegisterNbits__parameterized0__1: RegisterNbits__parameterized0
logic__172: logic__172
logic__109: logic__109
case__61: case__61
reg__199: reg__3
reg__205: reg__6
muxpart__6: muxpart__6
case__54: case__54
muxpart__244: muxpart__244
muxpart__246: muxpart__246
logic__519: logic__519
muxpart__113: muxpart__113
case__85: case__85
logic__91: logic__91
logic__200: logic__200
reg__88: reg__88
counter__2: counter__2
case__123: case__123
logic__412: logic__412
reg__21: reg__21
muxpart__317: muxpart__317
muxpart__68: muxpart__68
reg__81: reg__81
logic__1029: logic__5
muxpart__138: muxpart__138
case__39: case__39
reg__164: reg__1
muxpart__282: muxpart__282
case__6: case__6
muxpart__232: muxpart__232
RegisterNbits__parameterized0__12: RegisterNbits__parameterized0
datapath__34: datapath__34
muxpart__54: muxpart__54
muxpart__88: muxpart__88
datapath__16: datapath__16
muxpart__295: muxpart__295
datapath__29: datapath__29
muxpart__299: muxpart__299
logic__1011: logic__33
case__112: case__112
logic__362: logic__362
RegisterNbits__parameterized1: RegisterNbits__parameterized1
logic__130: logic__130
RegisterNbits__parameterized2__4: RegisterNbits__parameterized2
muxpart__158: muxpart__158
reg__161: reg__1
muxpart__225: muxpart__225
muxpart__131: muxpart__131
case__162: case__162
logic__182: logic__182
RegisterNbits__parameterized0__27: RegisterNbits__parameterized0
reg__29: reg__29
case__16: case__16
case__31: case__31
datapath__43: datapath__43
muxpart__305: muxpart__305
reg__80: reg__80
muxpart__103: muxpart__103
reg__14: reg__14
case__32: case__32
logic__6: RTL_LATCH0
muxpart__250: muxpart__250
datapath__41: datapath__41
reg__195: reg__13
datapath__51: datapath__51
muxpart__290: muxpart__290
muxpart__83: muxpart__83
case__65: case__65
RegisterNbits__parameterized0__43: RegisterNbits__parameterized0
reg__183: reg__1
logic__31: logic__31
reg__126: reg__126
muxpart__64: muxpart__64
reg__74: reg__74
logic__175: logic__175
logic__981: logic__981
logic__1000: logic__417
datapath__12: datapath__12
logic__23: logic__23
case__55: case__55
muxpart__90: muxpart__90
case__125: case__125
logic__421: logic__421
case__28: case__28
reg__40: reg__40
muxpart__270: muxpart__270
datapath__9: datapath__9
shift_unit__1: shift_unit
case__52: case__52
RegisterNbits__parameterized3__2: RegisterNbits__parameterized3
reg__209: reg__3
muxpart__264: muxpart__264
logic__488: logic__488
reg__160: reg__1
muxpart__108: muxpart__108
reg__30: reg__30
case__74: case__74
logic__298: logic__298
reg__141: reg__141
RegisterNbits__parameterized0__22: RegisterNbits__parameterized0
logic__33: logic__33
muxpart__209: muxpart__209
muxpart__92: muxpart__92
logic__908: logic__908
reg__16: reg__16
reg__211: reg__1
reg__120: reg__120
logic__393: logic__393
reg__184: reg__1
RegisterNbits__parameterized2__7: RegisterNbits__parameterized2
muxpart__187: muxpart__187
muxpart__160: muxpart__160
reg__128: reg__128
case__166: case__166
case__107: case__107
muxpart__384: muxpart__17
logic__1003: logic__412
muxpart__186: muxpart__186
muxpart__70: muxpart__70
Stage_ID: Stage_ID
logic__147: logic__147
RegisterNbits__parameterized0__9: RegisterNbits__parameterized0
datapath__46: datapath__46
datapath__61: datapath__38
reg__204: reg__7
logic__901: logic__901
muxpart__336: muxpart__336
logic__405: logic__405
muxpart__243: muxpart__243
muxpart__2: muxpart__2
datapath__38: datapath__38
Stage_WB: Stage_WB
datapath__24: datapath__24
case__37: case__37
reg__75: reg__75
case__78: case__78
reg__87: reg__87
case__186: case__60
muxpart__31: muxpart__31
muxpart__391: muxpart
RegisterNbits__parameterized0__48: RegisterNbits__parameterized0
logic__21: logic__21
case__189: case__57
reg__213: reg__1
logic__313: logic__313
muxpart__72: muxpart__72
logic__503: logic__503
logic__98: logic__98
muxpart__35: muxpart__35
muxpart__267: muxpart__267
RegisterNbits__parameterized0__45: RegisterNbits__parameterized0
muxpart__294: muxpart__294
logic__483: logic__483
case__188: case__58
logic__919: logic__919
logic__459: logic__459
muxpart__80: muxpart__80
reg__41: reg__41
reg__181: reg__1
datapath__1: datapath__1
muxpart__117: muxpart__117
muxpart__178: muxpart__178
muxpart__260: muxpart__260
muxpart__214: muxpart__214
datapath__28: datapath__28
muxpart__28: muxpart__28
muxpart__239: muxpart__239
reg__186: reg__1
reg__172: reg__1
datapath__49: datapath__49
reg__147: reg__1
muxpart__183: muxpart__183
case__73: case__73
muxpart__193: muxpart__193
logic__83: logic__83
muxpart__19: muxpart__19
RegisterNbits__parameterized0__7: RegisterNbits__parameterized0
datapath__32: datapath__32
case__200: case
case__115: case__115
muxpart__334: muxpart__334
muxpart__81: muxpart__81
reg__187: reg__17
logic__231: logic__231
muxpart__156: muxpart__156
muxpart__167: muxpart__167
logic__1004: logic__411
reg__25: reg__25
reg__131: reg__131
muxpart__22: muxpart__22
logic__1005: logic__410
logic__270: logic__270
logic__140: logic__140
muxpart__58: muxpart__58
muxpart__136: muxpart__136
case__169: case__169
datapath__5: datapath__5
Memory_2_ports__GB0: Memory_2_ports__GB0
case__36: case__36
logic__1032: logic
logic__123: logic__123
case__199: case__1
reg__146: reg__3
reg__202: reg__9
reg__185: reg__1
muxpart__274: muxpart__274
reg__136: reg__136
case__100: case__100
Memory: Memory
logic__999: logic__421
reg__22: reg__22
muxpart__291: muxpart__291
muxpart__152: muxpart__152
muxpart__56: muxpart__56
reg__85: reg__85
case__45: case__45
muxpart__319: muxpart__319
reg__36: reg__36
RegisterNbits__parameterized0__46: RegisterNbits__parameterized0
logic__161: logic__161
logic__249: logic__249
logic__1017: logic__27
muxpart__386: muxpart__13
reg__170: reg__1
reg__194: reg__14
muxpart__325: muxpart__325
datapath__37: datapath__37
RegisterNbits__parameterized2__2: RegisterNbits__parameterized2
logic__151: logic__151
datapath__4: datapath__4
muxpart__10: muxpart__10
logic__252: logic__252
case__154: case__154
muxpart__329: muxpart__329
logic__256: logic__256
UART_top: UART_top
reg__110: reg__110
reg__23: reg__23
reg__111: reg__111
reg__67: reg__67
muxpart__316: muxpart__316
muxpart__86: muxpart__86
muxpart__328: muxpart__328
datapath__52: datapath__52
reg__200: reg__1
counter: counter
reg__49: reg__49
muxpart__388: muxpart__3
reg__101: reg__101
muxpart__321: muxpart__321
muxpart__128: muxpart__128
RegisterNbits__parameterized0__16: RegisterNbits__parameterized0
reg__180: reg__1
muxpart__307: muxpart__307
Stage_EX: Stage_EX
logic__1012: logic__32
case__81: case__81
logic__918: logic__918
case__24: case__24
logic__985: logic__985
datapath__54: datapath__54
muxpart__133: muxpart__133
case__184: case__62
reg__201: reg__1
reg__61: reg__61
muxpart__251: muxpart__251
case__105: case__105
muxpart__338: muxpart__338
case__17: case__17
muxpart__191: muxpart__191
case__195: case__51
RegisterNbits__parameterized3: RegisterNbits__parameterized3
muxpart__132: muxpart__132
muxpart__97: muxpart__97
muxpart__122: muxpart__122
reg__63: reg__63
muxpart__120: muxpart__120
logic__988: logic__988
case__163: case__163
Stage_WB__1: Stage_WB
logic__915: logic__915
logic__277: logic__277
reg__69: reg__69
muxpart__3: muxpart__3
reg__10: reg__10
logic__332: logic__332
Memory_2_ports__GB1: Memory_2_ports__GB1
muxpart__74: muxpart__74
reg__54: reg__54
datapath__36: datapath__36
muxpart__226: muxpart__226
logic__869: logic__869
muxpart__208: muxpart__208
muxpart__95: muxpart__95
logic__34: logic__34
logic__1010: logic__34
logic__314: logic__314
reg__47: reg__47
muxpart__104: muxpart__104
logic__991: logic__440
reg__197: reg__11
case__21: case__21
muxpart__269: muxpart__269
logic__892: logic__892
logic__400: logic__400
muxpart__266: muxpart__266
RegisterNbits__parameterized0__39: RegisterNbits__parameterized0
logic__95: logic__95
logic__996: logic__431
Stage_ID__1: Stage_ID
logic__5: logic__5
reg__2: reg__2
case__48: case__48
muxpart__79: muxpart__79
reg__171: reg__1
RegisterNbits__parameterized0__17: RegisterNbits__parameterized0
logic__410: logic__410
logic__369: logic__369
muxpart__69: muxpart__69
logic__437: logic__437
case__69: case__69
reg__156: reg__1
muxpart__139: muxpart__139
RegisterNbits__parameterized2__1: RegisterNbits__parameterized2
muxpart__341: muxpart__341
muxpart__63: muxpart__63
RegisterNbits__parameterized0__44: RegisterNbits__parameterized0
logic__210: logic__210
reg__137: reg__137
muxpart__32: muxpart__32
Stage_MEM: Stage_MEM
Double_issue_dep: Double_issue_dep
reg__193: reg__1
reg__129: reg__129
logic__3: logic__3
case__51: case__51
RegisterNbits__parameterized0__8: RegisterNbits__parameterized0
reg__26: reg__26
logic__499: logic__499
case__99: case__99
muxpart__245: muxpart__245
case__104: case__104
reg__6: reg__6
reg__176: reg__1
reg__18: reg__18
muxpart__24: muxpart__24
muxpart__17: muxpart__17
muxpart__184: muxpart__184
muxpart__38: muxpart__38
RegisterNbits__parameterized0__50: RegisterNbits__parameterized0
muxpart__222: muxpart__222
RegisterNbits: RegisterNbits
muxpart__27: muxpart__27
logic__203: logic__203
case__101: case__101
RegisterNbits__parameterized0__38: RegisterNbits__parameterized0
datapath__31: datapath__31
muxpart__313: muxpart__313
logic__133: logic__133
muxpart__100: muxpart__100
logic__189: logic__189
Stage_MEM__1: Stage_MEM
case__122: case__122
logic__995: logic__432
reg__19: reg__19
reg__31: reg__31
muxpart__207: muxpart__207
case__84: case__84
datapath__18: datapath__18
muxpart__115: muxpart__115
extladd: extladd
reg__188: reg__16
muxpart__101: muxpart__101
muxpart__25: muxpart__25
logic__998: logic__424
muxpart__149: muxpart__149
muxpart__49: muxpart__49
logic__916: logic__916
case__1: case__1
case__38: case__38
logic__144: logic__144
case__157: case__157
muxpart__118: muxpart__118
muxpart__143: muxpart__143
reg__173: reg__1
datapath__25: datapath__25
reg__59: reg__59
muxpart__161: muxpart__161
muxpart__227: muxpart__227
muxpart__278: muxpart__278
logic__119: logic__119
muxpart__116: muxpart__116
logic__470: logic__470
datapath__58: datapath__41
reg__45: reg__45
reg__73: reg__73
datapath__13: datapath__13
reg__157: reg__1
muxpart__107: muxpart__107
muxpart__190: muxpart__190
muxpart__220: muxpart__220
RegisterNbits__parameterized2: RegisterNbits__parameterized2
logic__294: logic__294
muxpart__57: muxpart__57
muxpart__218: muxpart__218
logic__186: logic__186
logic__833: logic__833
muxpart__179: muxpart__179
reg__118: reg__118
muxpart__13: muxpart__13
muxpart__129: muxpart__129
case__171: case__171
RegisterNbits__parameterized0__28: RegisterNbits__parameterized0
reg__169: reg__1
datapath__53: datapath__53
reg__11: reg__11
RegisterNbits__parameterized0__42: RegisterNbits__parameterized0
muxpart__75: muxpart__75
muxpart__271: muxpart__271
reg__149: reg__1
case__67: case__67
muxpart__71: muxpart__71
muxpart__302: muxpart__302
muxpart__105: muxpart__105
case__2: case__2
muxpart__242: muxpart__242
muxpart__389: muxpart__2
muxpart__333: muxpart__333
muxpart__238: muxpart__238
reg__168: reg__1
muxpart__177: muxpart__177
reg__4: reg__4
case__43: case__43
muxpart__94: muxpart__94
case__130: case__130
logic__495: logic__495
RegisterNbits__parameterized0__30: RegisterNbits__parameterized0
muxpart__206: muxpart__206
reg__140: reg__140
muxpart__275: muxpart__275
logic__26: logic__26
reg__65: reg__65
case__180: case__66
case__161: case__161
muxpart__135: muxpart__135
logic__4: logic__4
case__15: case__15
reg__166: reg__1
case__183: case__63
muxpart__252: muxpart__252
logic__509: logic__509
logic__366: logic__366
reg__57: reg__57
reg__127: reg__127
logic__431: logic__431
muxpart__159: muxpart__159
logic__358: logic__358
muxpart__172: muxpart__172
reg__153: reg__1
case__196: case__50
logic__273: logic__273
logic__493: logic__493
logic__909: logic__909
muxpart__342: muxpart__342
case__109: case__109
datapath__33: datapath__33
muxpart__147: muxpart__147
muxpart__284: muxpart__284
logic__1027: RTL_MUX631
logic__516: logic__516
reg__24: reg__24
reg__3: reg__3
logic__17: logic__17
muxpart__52: muxpart__52
logic__24: logic__24
reg__190: reg__10
case__47: case__47
muxpart__297: muxpart__297
reg__44: reg__44
muxpart__151: muxpart__151
muxpart__85: muxpart__85
UART_Transmitter: UART_Transmitter
muxpart__287: muxpart__287
RegisterFile: RegisterFile
muxpart__48: muxpart__48
logic__338: logic__338
muxpart__240: muxpart__240
muxpart__78: muxpart__78
muxpart__53: muxpart__53
datapath__14: datapath__14
case__23: case__23
muxpart__199: muxpart__199
Decode_Unit__1: Decode_Unit
RegisterNbits__parameterized0__11: RegisterNbits__parameterized0
case__164: case__164
muxpart__89: muxpart__89
case__88: case__88
ALU: ALU
case__159: case__159
RegisterNbits__parameterized0__33: RegisterNbits__parameterized0
muxpart__300: muxpart__300
logic__235: logic__235
logic__490: logic__490
ALU__1: ALU
RegisterNbits__parameterized0__21: RegisterNbits__parameterized0
reg__20: reg__20
RegisterNbits__parameterized0__40: RegisterNbits__parameterized0
logic__414: logic__414
case__12: case__12
RegisterNbits__parameterized0__18: RegisterNbits__parameterized0
muxpart__253: muxpart__253
logic__907: logic__907
case__18: case__18
reg__108: reg__108
muxpart__182: muxpart__182
reg__162: reg__1
logic__287: logic__287
logic__994: logic__433
logic__317: logic__317
logic__224: logic__224
case__128: case__128
reg__38: reg__38
case__22: case__22
muxpart__112: muxpart__112
case__72: case__72
logic__238: logic__238
muxpart__62: muxpart__62
muxpart__65: muxpart__65
reg__42: reg__42
muxpart__231: muxpart__231
muxpart__189: muxpart__189
Decode_Unit: Decode_Unit
datapath__20: datapath__20
logic__217: logic__217
muxpart__390: muxpart__1
reg__121: reg__121
muxpart__55: muxpart__55
logic__105: logic__105
case__118: case__118
case__75: case__75
muxpart__312: muxpart__312
clk_wiz_0_bbox_0: clk_wiz_0_bbox_0
muxpart__5: muxpart__5
case__83: case__83
muxpart__41: muxpart__41
reg__107: reg__107
logic__424: logic__424
logic__411: logic__411
datapath__17: datapath__17
logic__1007: logic__84
reg__143: reg__3
muxpart__34: muxpart__34
logic__889: logic__889
reg__145: reg__3
datapath__60: datapath__39
reg__189: reg__15
logic__434: logic__434
logic__409: logic__409
case__11: case__11
muxpart__165: muxpart__165
reg__96: reg__96
logic__477: logic__477
RegisterNbits__parameterized0: RegisterNbits__parameterized0
logic__1024: RTL_MUX632
muxpart__281: muxpart__281
muxpart__256: muxpart__256
case__77: case__77
muxpart__91: muxpart__91
RegisterNbits__parameterized0__35: RegisterNbits__parameterized0
case__102: case__102
ImmediateDataExtractor__1: ImmediateDataExtractor
logic__305: logic__305
muxpart__216: muxpart__216
muxpart__124: muxpart__124
logic__354: logic__354
case__82: case__82
reg__135: reg__135
logic__879: logic__879
muxpart__12: muxpart__12
case__56: case__56
muxpart__36: muxpart__36
reg__55: reg__55
muxpart__45: muxpart__45
logic__392: logic__392
logic__489: logic__489
case__108: case__108
UART_Receiver: UART_Receiver
muxpart__144: muxpart__144
case__117: case__117
RegisterNbits__parameterized2__5: RegisterNbits__parameterized2
reg__98: reg__98
muxpart__303: muxpart__303
datapath__45: datapath__45
muxpart__174: muxpart__174
muxpart__110: muxpart__110
muxpart__195: muxpart__195
logic__102: logic__102
muxpart__219: muxpart__219
muxpart__332: muxpart__332
case__185: case__61
logic__245: logic__245
logic__384: logic__384
logic__517: logic__517
muxpart__43: muxpart__43
muxpart__254: muxpart__254
datapath__26: datapath__26
datapath__21: datapath__21
logic__14: logic__14
logic__484: logic__484
case__42: case__42
muxpart__217: muxpart__217
datapath__7: datapath__7
logic__1031: logic__3
datapath__63: datapath__36
muxpart__157: muxpart__157
muxpart__323: muxpart__323
muxpart__42: muxpart__42
case__177: case__69
reg__58: reg__58
muxpart__203: muxpart__203
case__3: case__3
muxpart__119: muxpart__119
reg__216: reg__1
reg__116: reg__116
reg__178: reg__1
case__158: case__158
case__58: case__58
case__182: case__64
datapath__8: datapath__8
reg__210: reg__3
logic__84: logic__84
reg__165: reg__1
muxpart__194: muxpart__194
logic__29: logic__29
logic__827: logic__827
reg__109: reg__109
muxpart__109: muxpart__109
muxpart__289: muxpart__289
muxpart__76: muxpart__76
logic__259: logic__259
muxpart__293: muxpart__293
muxpart__340: muxpart__340
reg__207: reg__4
logic__221: logic__221
muxpart__228: muxpart__228
case__41: case__41
muxpart__233: muxpart__233
logic__982: logic__982
datapath__56: datapath__56
muxpart__7: muxpart__7
reg__72: reg__72
muxpart__30: muxpart__30
logic__917: logic__917
reg__212: reg__1
RegisterNbits__parameterized0__26: RegisterNbits__parameterized0
reg__91: reg__91
reg__70: reg__70
muxpart__255: muxpart__255
datapath__57: datapath__57
reg__15: reg__15
case__178: case__68
RegisterNbits__parameterized0__15: RegisterNbits__parameterized0
muxpart__170: muxpart__170
muxpart__296: muxpart__296
reg__48: reg__48
case__53: case__53
logic__389: logic__389
muxpart__37: muxpart__37
logic__1008: logic__83
muxpart__273: muxpart__273
logic__1019: logic__25
reg__84: reg__84
muxpart__4: muxpart__4
muxpart__98: muxpart__98
logic__126: logic__126
muxpart__337: muxpart__337
muxpart__324: muxpart__324
case__174: case__72
logic__990: logic__443
case__8: case__8
logic__242: logic__242
reg__154: reg__1
muxpart__382: muxpart__19
case__192: case__54
RegisterNbits__parameterized0__31: RegisterNbits__parameterized0
reg__71: reg__71
muxpart__288: muxpart__288
reg__12: reg__12
logic__323: logic__323
case__190: case__56
muxpart__383: muxpart__18
muxpart__99: muxpart__99
muxpart__215: muxpart__215
case__80: case__80
ControlPath: ControlPath
datapath__30: datapath__30
muxpart__67: muxpart__67
RegisterNbits__parameterized0__36: RegisterNbits__parameterized0
logic__116: logic__116
datapath__2: datapath__2
reg__68: reg__68
muxpart__40: muxpart__40
logic__1026: logic__14
datapath__44: datapath__44
logic__417: logic__417
logic__344: logic__344
muxpart__180: muxpart__180
reg__144: reg__3
muxpart__60: muxpart__60
case__59: case__59
