#-----------------------------------------------------------
# Vivado v2025.1 (64-bit)
# SW Build 6140274 on Thu May 22 00:12:29 MDT 2025
# IP Build 6138677 on Thu May 22 03:10:11 MDT 2025
# SharedData Build 6139179 on Tue May 20 17:58:58 MDT 2025
# Start of session at: Mon May 11 22:04:13 2026
# Process ID         : 21308
# Current directory  : C:/Users/Bruno/OneDrive/Documents/ENSEIRB/S8/Projet-Thematique/riscv-superscalar/fpga/fpga_riscv_superscalar/fpga_riscv_superscalar.runs/impl_1
# Command line       : vivado.exe -log RISCV_superscalar_fpga_top.vdi -applog -product Vivado -messageDb vivado.pb -mode batch -source RISCV_superscalar_fpga_top.tcl -notrace
# Log file           : C:/Users/Bruno/OneDrive/Documents/ENSEIRB/S8/Projet-Thematique/riscv-superscalar/fpga/fpga_riscv_superscalar/fpga_riscv_superscalar.runs/impl_1/RISCV_superscalar_fpga_top.vdi
# Journal file       : C:/Users/Bruno/OneDrive/Documents/ENSEIRB/S8/Projet-Thematique/riscv-superscalar/fpga/fpga_riscv_superscalar/fpga_riscv_superscalar.runs/impl_1\vivado.jou
# Running On         : DESKTOP-7DCFGKU
# Platform           : Windows Server 2016 or Windows 10
# Operating System   : 26200
# Processor Detail   : AMD Ryzen 5 7520U with Radeon Graphics         
# CPU Frequency      : 2795 MHz
# CPU Physical cores : 4
# CPU Logical cores  : 8
# Host memory        : 16407 MB
# Swap memory        : 10200 MB
# Total Virtual      : 26608 MB
# Available Virtual  : 10183 MB
#-----------------------------------------------------------
source RISCV_superscalar_fpga_top.tcl -notrace
